Type Check	Set up job	﻿2026-04-24T19:55:15.0145636Z Current runner version: '2.333.1'
Type Check	Set up job	2026-04-24T19:55:15.0179736Z ##[group]Runner Image Provisioner
Type Check	Set up job	2026-04-24T19:55:15.0181107Z Hosted Compute Agent
Type Check	Set up job	2026-04-24T19:55:15.0181885Z Version: 20260213.493
Type Check	Set up job	2026-04-24T19:55:15.0182799Z Commit: 5c115507f6dd24b8de37d8bbe0bb4509d0cc0fa3
Type Check	Set up job	2026-04-24T19:55:15.0183911Z Build Date: 2026-02-13T00:28:41Z
Type Check	Set up job	2026-04-24T19:55:15.0184947Z Worker ID: {dd542456-ed85-455f-a7d3-db3851ebeef0}
Type Check	Set up job	2026-04-24T19:55:15.0186447Z Azure Region: eastus
Type Check	Set up job	2026-04-24T19:55:15.0187320Z ##[endgroup]
Type Check	Set up job	2026-04-24T19:55:15.0189342Z ##[group]Operating System
Type Check	Set up job	2026-04-24T19:55:15.0190348Z Ubuntu
Type Check	Set up job	2026-04-24T19:55:15.0191219Z 24.04.4
Type Check	Set up job	2026-04-24T19:55:15.0192034Z LTS
Type Check	Set up job	2026-04-24T19:55:15.0192768Z ##[endgroup]
Type Check	Set up job	2026-04-24T19:55:15.0193660Z ##[group]Runner Image
Type Check	Set up job	2026-04-24T19:55:15.0194583Z Image: ubuntu-24.04
Type Check	Set up job	2026-04-24T19:55:15.0195557Z Version: 20260413.86.1
Type Check	Set up job	2026-04-24T19:55:15.0197351Z Included Software: https://github.com/actions/runner-images/blob/ubuntu24/20260413.86/images/ubuntu/Ubuntu2404-Readme.md
Type Check	Set up job	2026-04-24T19:55:15.0200153Z Image Release: https://github.com/actions/runner-images/releases/tag/ubuntu24%2F20260413.86
Type Check	Set up job	2026-04-24T19:55:15.0201704Z ##[endgroup]
Type Check	Set up job	2026-04-24T19:55:15.0203411Z ##[group]GITHUB_TOKEN Permissions
Type Check	Set up job	2026-04-24T19:55:15.0206212Z Contents: read
Type Check	Set up job	2026-04-24T19:55:15.0207064Z Metadata: read
Type Check	Set up job	2026-04-24T19:55:15.0207959Z Packages: read
Type Check	Set up job	2026-04-24T19:55:15.0208695Z ##[endgroup]
Type Check	Set up job	2026-04-24T19:55:15.0211471Z Secret source: Actions
Type Check	Set up job	2026-04-24T19:55:15.0212464Z Prepare workflow directory
Type Check	Set up job	2026-04-24T19:55:15.0673970Z Prepare all required actions
Type Check	Set up job	2026-04-24T19:55:15.0733064Z Getting action download info
Type Check	Set up job	2026-04-24T19:55:15.3174170Z Download action repository 'actions/checkout@v4' (SHA:34e114876b0b11c390a56381ad16ebd13914f8d5)
Type Check	Set up job	2026-04-24T19:55:15.5517903Z Complete job name: Type Check
Type Check	Run actions/checkout@v4	﻿2026-04-24T19:55:15.6210488Z ##[group]Run actions/checkout@v4
Type Check	Run actions/checkout@v4	2026-04-24T19:55:15.6211340Z with:
Type Check	Run actions/checkout@v4	2026-04-24T19:55:15.6211894Z   repository: frzxw/cipta
Type Check	Run actions/checkout@v4	2026-04-24T19:55:15.6212723Z   token: ***
Type Check	Run actions/checkout@v4	2026-04-24T19:55:15.6213268Z   ssh-strict: true
Type Check	Run actions/checkout@v4	2026-04-24T19:55:15.6213788Z   ssh-user: git
Type Check	Run actions/checkout@v4	2026-04-24T19:55:15.6214181Z   persist-credentials: true
Type Check	Run actions/checkout@v4	2026-04-24T19:55:15.6214616Z   clean: true
Type Check	Run actions/checkout@v4	2026-04-24T19:55:15.6215005Z   sparse-checkout-cone-mode: true
Type Check	Run actions/checkout@v4	2026-04-24T19:55:15.6215681Z   fetch-depth: 1
Type Check	Run actions/checkout@v4	2026-04-24T19:55:15.6216074Z   fetch-tags: false
Type Check	Run actions/checkout@v4	2026-04-24T19:55:15.6216468Z   show-progress: true
Type Check	Run actions/checkout@v4	2026-04-24T19:55:15.6216873Z   lfs: false
Type Check	Run actions/checkout@v4	2026-04-24T19:55:15.6217247Z   submodules: false
Type Check	Run actions/checkout@v4	2026-04-24T19:55:15.6217638Z   set-safe-directory: true
Type Check	Run actions/checkout@v4	2026-04-24T19:55:15.6218351Z ##[endgroup]
Type Check	Run actions/checkout@v4	2026-04-24T19:55:15.7289928Z Syncing repository: frzxw/cipta
Type Check	Run actions/checkout@v4	2026-04-24T19:55:15.7291595Z ##[group]Getting Git version info
Type Check	Run actions/checkout@v4	2026-04-24T19:55:15.7292288Z Working directory is '/home/runner/work/cipta/cipta'
Type Check	Run actions/checkout@v4	2026-04-24T19:55:15.7293206Z [command]/usr/bin/git version
Type Check	Run actions/checkout@v4	2026-04-24T19:55:15.7347939Z git version 2.53.0
Type Check	Run actions/checkout@v4	2026-04-24T19:55:15.7373885Z ##[endgroup]
Type Check	Run actions/checkout@v4	2026-04-24T19:55:15.7389524Z Temporarily overriding HOME='/home/runner/work/_temp/6280e768-6cb3-434b-9815-9f0197461e88' before making global git config changes
Type Check	Run actions/checkout@v4	2026-04-24T19:55:15.7391935Z Adding repository directory to the temporary git global config as a safe directory
Type Check	Run actions/checkout@v4	2026-04-24T19:55:15.7396129Z [command]/usr/bin/git config --global --add safe.directory /home/runner/work/cipta/cipta
Type Check	Run actions/checkout@v4	2026-04-24T19:55:15.7427363Z Deleting the contents of '/home/runner/work/cipta/cipta'
Type Check	Run actions/checkout@v4	2026-04-24T19:55:15.7431521Z ##[group]Initializing the repository
Type Check	Run actions/checkout@v4	2026-04-24T19:55:15.7436727Z [command]/usr/bin/git init /home/runner/work/cipta/cipta
Type Check	Run actions/checkout@v4	2026-04-24T19:55:15.7513098Z hint: Using 'master' as the name for the initial branch. This default branch name
Type Check	Run actions/checkout@v4	2026-04-24T19:55:15.7515133Z hint: will change to "main" in Git 3.0. To configure the initial branch name
Type Check	Run actions/checkout@v4	2026-04-24T19:55:15.7516332Z hint: to use in all of your new repositories, which will suppress this warning,
Type Check	Run actions/checkout@v4	2026-04-24T19:55:15.7517055Z hint: call:
Type Check	Run actions/checkout@v4	2026-04-24T19:55:15.7517407Z hint:
Type Check	Run actions/checkout@v4	2026-04-24T19:55:15.7517866Z hint: 	git config --global init.defaultBranch <name>
Type Check	Run actions/checkout@v4	2026-04-24T19:55:15.7518678Z hint:
Type Check	Run actions/checkout@v4	2026-04-24T19:55:15.7519213Z hint: Names commonly chosen instead of 'master' are 'main', 'trunk' and
Type Check	Run actions/checkout@v4	2026-04-24T19:55:15.7520549Z hint: 'development'. The just-created branch can be renamed via this command:
Type Check	Run actions/checkout@v4	2026-04-24T19:55:15.7521467Z hint:
Type Check	Run actions/checkout@v4	2026-04-24T19:55:15.7521846Z hint: 	git branch -m <name>
Type Check	Run actions/checkout@v4	2026-04-24T19:55:15.7522267Z hint:
Type Check	Run actions/checkout@v4	2026-04-24T19:55:15.7522875Z hint: Disable this message with "git config set advice.defaultBranchName false"
Type Check	Run actions/checkout@v4	2026-04-24T19:55:15.7523805Z Initialized empty Git repository in /home/runner/work/cipta/cipta/.git/
Type Check	Run actions/checkout@v4	2026-04-24T19:55:15.7525864Z [command]/usr/bin/git remote add origin https://github.com/frzxw/cipta
Type Check	Run actions/checkout@v4	2026-04-24T19:55:15.7553992Z ##[endgroup]
Type Check	Run actions/checkout@v4	2026-04-24T19:55:15.7555095Z ##[group]Disabling automatic garbage collection
Type Check	Run actions/checkout@v4	2026-04-24T19:55:15.7557964Z [command]/usr/bin/git config --local gc.auto 0
Type Check	Run actions/checkout@v4	2026-04-24T19:55:15.7584478Z ##[endgroup]
Type Check	Run actions/checkout@v4	2026-04-24T19:55:15.7585732Z ##[group]Setting up auth
Type Check	Run actions/checkout@v4	2026-04-24T19:55:15.7591691Z [command]/usr/bin/git config --local --name-only --get-regexp core\.sshCommand
Type Check	Run actions/checkout@v4	2026-04-24T19:55:15.7620581Z [command]/usr/bin/git submodule foreach --recursive sh -c "git config --local --name-only --get-regexp 'core\.sshCommand' && git config --local --unset-all 'core.sshCommand' || :"
Type Check	Run actions/checkout@v4	2026-04-24T19:55:15.7887351Z [command]/usr/bin/git config --local --name-only --get-regexp http\.https\:\/\/github\.com\/\.extraheader
Type Check	Run actions/checkout@v4	2026-04-24T19:55:15.7915483Z [command]/usr/bin/git submodule foreach --recursive sh -c "git config --local --name-only --get-regexp 'http\.https\:\/\/github\.com\/\.extraheader' && git config --local --unset-all 'http.https://github.com/.extraheader' || :"
Type Check	Run actions/checkout@v4	2026-04-24T19:55:15.8128863Z [command]/usr/bin/git config --local --name-only --get-regexp ^includeIf\.gitdir:
Type Check	Run actions/checkout@v4	2026-04-24T19:55:15.8157517Z [command]/usr/bin/git submodule foreach --recursive git config --local --show-origin --name-only --get-regexp remote.origin.url
Type Check	Run actions/checkout@v4	2026-04-24T19:55:15.8373526Z [command]/usr/bin/git config --local http.https://github.com/.extraheader AUTHORIZATION: basic ***
Type Check	Run actions/checkout@v4	2026-04-24T19:55:15.8407114Z ##[endgroup]
Type Check	Run actions/checkout@v4	2026-04-24T19:55:15.8408294Z ##[group]Fetching the repository
Type Check	Run actions/checkout@v4	2026-04-24T19:55:15.8415149Z [command]/usr/bin/git -c protocol.version=2 fetch --no-tags --prune --no-recurse-submodules --depth=1 origin +0873669d9825e58bfad75c4a7d210c65e6322128:refs/remotes/pull/80/merge
Type Check	Run actions/checkout@v4	2026-04-24T19:55:16.1049488Z From https://github.com/frzxw/cipta
Type Check	Run actions/checkout@v4	2026-04-24T19:55:16.1050559Z  * [new ref]         0873669d9825e58bfad75c4a7d210c65e6322128 -> pull/80/merge
Type Check	Run actions/checkout@v4	2026-04-24T19:55:16.1077233Z ##[endgroup]
Type Check	Run actions/checkout@v4	2026-04-24T19:55:16.1078024Z ##[group]Determining the checkout info
Type Check	Run actions/checkout@v4	2026-04-24T19:55:16.1079295Z ##[endgroup]
Type Check	Run actions/checkout@v4	2026-04-24T19:55:16.1083897Z [command]/usr/bin/git sparse-checkout disable
Type Check	Run actions/checkout@v4	2026-04-24T19:55:16.1118622Z [command]/usr/bin/git config --local --unset-all extensions.worktreeConfig
Type Check	Run actions/checkout@v4	2026-04-24T19:55:16.1142416Z ##[group]Checking out the ref
Type Check	Run actions/checkout@v4	2026-04-24T19:55:16.1145742Z [command]/usr/bin/git checkout --progress --force refs/remotes/pull/80/merge
Type Check	Run actions/checkout@v4	2026-04-24T19:55:16.1529298Z Note: switching to 'refs/remotes/pull/80/merge'.
Type Check	Run actions/checkout@v4	2026-04-24T19:55:16.1530233Z 
Type Check	Run actions/checkout@v4	2026-04-24T19:55:16.1530888Z You are in 'detached HEAD' state. You can look around, make experimental
Type Check	Run actions/checkout@v4	2026-04-24T19:55:16.1532537Z changes and commit them, and you can discard any commits you make in this
Type Check	Run actions/checkout@v4	2026-04-24T19:55:16.1533638Z state without impacting any branches by switching back to a branch.
Type Check	Run actions/checkout@v4	2026-04-24T19:55:16.1534257Z 
Type Check	Run actions/checkout@v4	2026-04-24T19:55:16.1534651Z If you want to create a new branch to retain commits you create, you may
Type Check	Run actions/checkout@v4	2026-04-24T19:55:16.1535843Z do so (now or later) by using -c with the switch command. Example:
Type Check	Run actions/checkout@v4	2026-04-24T19:55:16.1536354Z 
Type Check	Run actions/checkout@v4	2026-04-24T19:55:16.1536562Z   git switch -c <new-branch-name>
Type Check	Run actions/checkout@v4	2026-04-24T19:55:16.1537138Z 
Type Check	Run actions/checkout@v4	2026-04-24T19:55:16.1537497Z Or undo this operation with:
Type Check	Run actions/checkout@v4	2026-04-24T19:55:16.1538057Z 
Type Check	Run actions/checkout@v4	2026-04-24T19:55:16.1538399Z   git switch -
Type Check	Run actions/checkout@v4	2026-04-24T19:55:16.1538827Z 
Type Check	Run actions/checkout@v4	2026-04-24T19:55:16.1539519Z Turn off this advice by setting config variable advice.detachedHead to false
Type Check	Run actions/checkout@v4	2026-04-24T19:55:16.1540544Z 
Type Check	Run actions/checkout@v4	2026-04-24T19:55:16.1541597Z HEAD is now at 0873669 Merge b62649f2543262d9c1568b4ff9f7543585b55bb4 into 9c44f76bc0ec93f7ceae6ca466f0657bfd58d66a
Type Check	Run actions/checkout@v4	2026-04-24T19:55:16.1543880Z ##[endgroup]
Type Check	Run actions/checkout@v4	2026-04-24T19:55:16.1573610Z [command]/usr/bin/git log -1 --format=%H
Type Check	Run actions/checkout@v4	2026-04-24T19:55:16.1595115Z 0873669d9825e58bfad75c4a7d210c65e6322128
Type Check	Run ./.github/actions/setup	﻿2026-04-24T19:55:16.1853399Z Prepare all required actions
Type Check	Run ./.github/actions/setup	2026-04-24T19:55:16.1854189Z Getting action download info
Type Check	Run ./.github/actions/setup	2026-04-24T19:55:16.3350133Z Download action repository 'pnpm/action-setup@v4' (SHA:b906affcce14559ad1aafd4ab0e942779e9f58b1)
Type Check	Run ./.github/actions/setup	2026-04-24T19:55:16.5726524Z Download action repository 'actions/setup-node@v4' (SHA:49933ea5288caeca8642d1e84afbd3f7d6820020)
Type Check	Run ./.github/actions/setup	2026-04-24T19:55:16.6766153Z ##[group]Run ./.github/actions/setup
Type Check	Run ./.github/actions/setup	2026-04-24T19:55:16.6766748Z with:
Type Check	Run ./.github/actions/setup	2026-04-24T19:55:16.6767120Z   node-version: 22
Type Check	Run ./.github/actions/setup	2026-04-24T19:55:16.6767548Z ##[endgroup]
Type Check	Run ./.github/actions/setup	2026-04-24T19:55:16.6902419Z ##[group]Run pnpm/action-setup@v4
Type Check	Run ./.github/actions/setup	2026-04-24T19:55:16.6902959Z with:
Type Check	Run ./.github/actions/setup	2026-04-24T19:55:16.6903327Z   run_install: false
Type Check	Run ./.github/actions/setup	2026-04-24T19:55:16.6903782Z   dest: ~/setup-pnpm
Type Check	Run ./.github/actions/setup	2026-04-24T19:55:16.6904194Z   cache: false
Type Check	Run ./.github/actions/setup	2026-04-24T19:55:16.6904618Z   cache_dependency_path: pnpm-lock.yaml
Type Check	Run ./.github/actions/setup	2026-04-24T19:55:16.6905163Z   package_json_file: package.json
Type Check	Run ./.github/actions/setup	2026-04-24T19:55:16.6905868Z   standalone: false
Type Check	Run ./.github/actions/setup	2026-04-24T19:55:16.6977111Z ##[endgroup]
Type Check	Run ./.github/actions/setup	2026-04-24T19:55:16.8398952Z ##[group]Running self-installer...
Type Check	Run ./.github/actions/setup	2026-04-24T19:55:17.4241683Z Progress: resolved 1, reused 0, downloaded 0, added 0
Type Check	Run ./.github/actions/setup	2026-04-24T19:55:17.4330404Z Packages: +1
Type Check	Run ./.github/actions/setup	2026-04-24T19:55:17.4332312Z +
Type Check	Run ./.github/actions/setup	2026-04-24T19:55:17.8401031Z Progress: resolved 1, reused 0, downloaded 1, added 1, done
Type Check	Run ./.github/actions/setup	2026-04-24T19:55:17.8679616Z 
Type Check	Run ./.github/actions/setup	2026-04-24T19:55:17.8680321Z dependencies:
Type Check	Run ./.github/actions/setup	2026-04-24T19:55:17.8681538Z + pnpm 9.0.0 (10.33.2 is available)
Type Check	Run ./.github/actions/setup	2026-04-24T19:55:17.8682594Z 
Type Check	Run ./.github/actions/setup	2026-04-24T19:55:17.8710852Z Done in 861ms
Type Check	Run ./.github/actions/setup	2026-04-24T19:55:17.8861825Z ##[endgroup]
Type Check	Run ./.github/actions/setup	2026-04-24T19:55:17.8865121Z Installation Completed!
Type Check	Run ./.github/actions/setup	2026-04-24T19:55:17.9120473Z ##[group]Run actions/setup-node@v4
Type Check	Run ./.github/actions/setup	2026-04-24T19:55:17.9121588Z with:
Type Check	Run ./.github/actions/setup	2026-04-24T19:55:17.9122350Z   node-version: 22
Type Check	Run ./.github/actions/setup	2026-04-24T19:55:17.9123194Z   cache: pnpm
Type Check	Run ./.github/actions/setup	2026-04-24T19:55:17.9124013Z   always-auth: false
Type Check	Run ./.github/actions/setup	2026-04-24T19:55:17.9124908Z   check-latest: false
Type Check	Run ./.github/actions/setup	2026-04-24T19:55:17.9126373Z   token: ***
Type Check	Run ./.github/actions/setup	2026-04-24T19:55:17.9127190Z env:
Type Check	Run ./.github/actions/setup	2026-04-24T19:55:17.9128154Z   PNPM_HOME: /home/runner/setup-pnpm/node_modules/.bin
Type Check	Run ./.github/actions/setup	2026-04-24T19:55:17.9129492Z ##[endgroup]
Type Check	Run ./.github/actions/setup	2026-04-24T19:55:18.0911620Z Found in cache @ /opt/hostedtoolcache/node/22.22.2/x64
Type Check	Run ./.github/actions/setup	2026-04-24T19:55:18.0918165Z ##[group]Environment details
Type Check	Run ./.github/actions/setup	2026-04-24T19:55:21.5211878Z node: v22.22.2
Type Check	Run ./.github/actions/setup	2026-04-24T19:55:21.5212482Z npm: 10.9.7
Type Check	Run ./.github/actions/setup	2026-04-24T19:55:21.5212669Z yarn: 1.22.22
Type Check	Run ./.github/actions/setup	2026-04-24T19:55:21.5213292Z ##[endgroup]
Type Check	Run ./.github/actions/setup	2026-04-24T19:55:21.5239070Z [command]/home/runner/setup-pnpm/node_modules/.bin/pnpm store path --silent
Type Check	Run ./.github/actions/setup	2026-04-24T19:55:21.9316205Z /home/runner/setup-pnpm/node_modules/.bin/store/v3
Type Check	Run ./.github/actions/setup	2026-04-24T19:55:22.0224347Z pnpm cache is not found
Type Check	Run ./.github/actions/setup	2026-04-24T19:55:22.0348420Z ##[group]Run pnpm install --frozen-lockfile
Type Check	Run ./.github/actions/setup	2026-04-24T19:55:22.0348835Z [36;1mpnpm install --frozen-lockfile[0m
Type Check	Run ./.github/actions/setup	2026-04-24T19:55:22.0378865Z shell: /usr/bin/bash --noprofile --norc -e -o pipefail {0}
Type Check	Run ./.github/actions/setup	2026-04-24T19:55:22.0379223Z env:
Type Check	Run ./.github/actions/setup	2026-04-24T19:55:22.0379461Z   PNPM_HOME: /home/runner/setup-pnpm/node_modules/.bin
Type Check	Run ./.github/actions/setup	2026-04-24T19:55:22.0379758Z ##[endgroup]
Type Check	Run ./.github/actions/setup	2026-04-24T19:55:22.4454257Z Scope: all 10 workspace projects
Type Check	Run ./.github/actions/setup	2026-04-24T19:55:22.5198018Z Lockfile is up to date, resolution step is skipped
Type Check	Run ./.github/actions/setup	2026-04-24T19:55:22.5923483Z Progress: resolved 1, reused 0, downloaded 0, added 0
Type Check	Run ./.github/actions/setup	2026-04-24T19:55:22.7758505Z Packages: +1136
Type Check	Run ./.github/actions/setup	2026-04-24T19:55:22.7759613Z ++++++++++++++++++++++++++++++++++++++++++++++++++++++++++++++++++++++++++++++++
Type Check	Run ./.github/actions/setup	2026-04-24T19:55:23.5953936Z Progress: resolved 1136, reused 0, downloaded 32, added 19
Type Check	Run ./.github/actions/setup	2026-04-24T19:55:24.6049632Z Progress: resolved 1136, reused 0, downloaded 209, added 204
Type Check	Run ./.github/actions/setup	2026-04-24T19:55:25.6058746Z Progress: resolved 1136, reused 0, downloaded 297, added 294
Type Check	Run ./.github/actions/setup	2026-04-24T19:55:26.6085667Z Progress: resolved 1136, reused 0, downloaded 526, added 517
Type Check	Run ./.github/actions/setup	2026-04-24T19:55:27.6059830Z Progress: resolved 1136, reused 0, downloaded 707, added 703
Type Check	Run ./.github/actions/setup	2026-04-24T19:55:28.6062187Z Progress: resolved 1136, reused 0, downloaded 744, added 735
Type Check	Run ./.github/actions/setup	2026-04-24T19:55:29.6065538Z Progress: resolved 1136, reused 0, downloaded 762, added 754
Type Check	Run ./.github/actions/setup	2026-04-24T19:55:30.6061254Z Progress: resolved 1136, reused 0, downloaded 918, added 921
Type Check	Run ./.github/actions/setup	2026-04-24T19:55:31.6066921Z Progress: resolved 1136, reused 0, downloaded 1131, added 1133
Type Check	Run ./.github/actions/setup	2026-04-24T19:55:31.7598838Z Progress: resolved 1136, reused 0, downloaded 1133, added 1136, done
Type Check	Run ./.github/actions/setup	2026-04-24T19:55:32.3205706Z .../node_modules/@scarf/scarf postinstall$ node ./report.js
Type Check	Run ./.github/actions/setup	2026-04-24T19:55:32.3432454Z .../node_modules/unrs-resolver postinstall$ napi-postinstall unrs-resolver 1.11.1 check
Type Check	Run ./.github/actions/setup	2026-04-24T19:55:32.3442999Z .../esbuild@0.27.7/node_modules/esbuild postinstall$ node install.js
Type Check	Run ./.github/actions/setup	2026-04-24T19:55:32.3444060Z .../node_modules/@nestjs/core postinstall$ opencollective || exit 0
Type Check	Run ./.github/actions/setup	2026-04-24T19:55:32.4126955Z .../node_modules/msgpackr-extract install$ node-gyp-build-optional-packages
Type Check	Run ./.github/actions/setup	2026-04-24T19:55:32.4451113Z .../node_modules/unrs-resolver postinstall: Done
Type Check	Run ./.github/actions/setup	2026-04-24T19:55:32.4482017Z .../esbuild@0.27.7/node_modules/esbuild postinstall: Done
Type Check	Run ./.github/actions/setup	2026-04-24T19:55:32.4629962Z .../node_modules/@prisma/engines postinstall$ node scripts/postinstall.js
Type Check	Run ./.github/actions/setup	2026-04-24T19:55:32.5036798Z .../node_modules/@nestjs/core postinstall: Done
Type Check	Run ./.github/actions/setup	2026-04-24T19:55:32.5266754Z .../bcrypt@6.0.0/node_modules/bcrypt install$ node-gyp-build
Type Check	Run ./.github/actions/setup	2026-04-24T19:55:32.5703801Z .../sharp@0.34.5/node_modules/sharp install$ node install/check.js || npm run build
Type Check	Run ./.github/actions/setup	2026-04-24T19:55:32.5996466Z .../node_modules/msgpackr-extract install: Done
Type Check	Run ./.github/actions/setup	2026-04-24T19:55:32.6421549Z .../bcrypt@6.0.0/node_modules/bcrypt install: Done
Type Check	Run ./.github/actions/setup	2026-04-24T19:55:32.8003026Z .../sharp@0.34.5/node_modules/sharp install: Done
Type Check	Run ./.github/actions/setup	2026-04-24T19:55:33.2160392Z .../node_modules/@prisma/engines postinstall: Done
Type Check	Run ./.github/actions/setup	2026-04-24T19:55:35.3896023Z .../node_modules/@scarf/scarf postinstall: Done
Type Check	Run ./.github/actions/setup	2026-04-24T19:55:35.4087439Z .../node_modules/prisma preinstall$ node scripts/preinstall-entry.js
Type Check	Run ./.github/actions/setup	2026-04-24T19:55:35.4708333Z .../node_modules/prisma preinstall: Done
Type Check	Run ./.github/actions/setup	2026-04-24T19:55:35.6915455Z .../node_modules/@prisma/client postinstall$ node scripts/postinstall.js
Type Check	Run ./.github/actions/setup	2026-04-24T19:55:37.9977914Z .../node_modules/@prisma/client postinstall: prisma:warn We could not find your Prisma schema in the default locations (see: https://pris.ly/d/prisma-schema-location).
Type Check	Run ./.github/actions/setup	2026-04-24T19:55:37.9979892Z .../node_modules/@prisma/client postinstall: If you have a Prisma schema file in a custom path, you will need to run
Type Check	Run ./.github/actions/setup	2026-04-24T19:55:37.9987970Z .../node_modules/@prisma/client postinstall: `prisma generate --schema=./path/to/your/schema.prisma` to generate Prisma Client.
Type Check	Run ./.github/actions/setup	2026-04-24T19:55:37.9989836Z .../node_modules/@prisma/client postinstall: If you do not have a Prisma schema file yet, you can ignore this message.
Type Check	Run ./.github/actions/setup	2026-04-24T19:55:38.0170895Z .../node_modules/@prisma/client postinstall: Done
Type Check	Run ./.github/actions/setup	2026-04-24T19:55:38.5025494Z 
Type Check	Run ./.github/actions/setup	2026-04-24T19:55:38.5026194Z devDependencies:
Type Check	Run ./.github/actions/setup	2026-04-24T19:55:38.5026539Z + @commitlint/cli 20.5.0
Type Check	Run ./.github/actions/setup	2026-04-24T19:55:38.5026929Z + @commitlint/config-conventional 20.5.0
Type Check	Run ./.github/actions/setup	2026-04-24T19:55:38.5027299Z + @playwright/test 1.59.1
Type Check	Run ./.github/actions/setup	2026-04-24T19:55:38.5027565Z + eslint 9.39.1
Type Check	Run ./.github/actions/setup	2026-04-24T19:55:38.5028016Z + eslint-config-prettier 10.1.8
Type Check	Run ./.github/actions/setup	2026-04-24T19:55:38.5028316Z + husky 9.1.7
Type Check	Run ./.github/actions/setup	2026-04-24T19:55:38.5028574Z + lint-staged 16.4.0
Type Check	Run ./.github/actions/setup	2026-04-24T19:55:38.5028853Z + markdownlint-cli 0.48.0
Type Check	Run ./.github/actions/setup	2026-04-24T19:55:38.5029119Z + prettier 3.8.3
Type Check	Run ./.github/actions/setup	2026-04-24T19:55:38.5029348Z + turbo 2.9.6
Type Check	Run ./.github/actions/setup	2026-04-24T19:55:38.5029587Z + typescript 5.9.2
Type Check	Run ./.github/actions/setup	2026-04-24T19:55:38.5029860Z + typescript-eslint 8.59.0
Type Check	Run ./.github/actions/setup	2026-04-24T19:55:38.5030136Z + vitest 4.1.5
Type Check	Run ./.github/actions/setup	2026-04-24T19:55:38.5030267Z 
Type Check	Run ./.github/actions/setup	2026-04-24T19:55:38.5190722Z . prepare$ husky
Type Check	Run ./.github/actions/setup	2026-04-24T19:55:38.5755102Z . prepare: Done
Type Check	Run ./.github/actions/setup	2026-04-24T19:55:38.6231107Z Done in 16.5s
Type Check	Run ./.github/actions/setup	2026-04-24T19:55:38.6997140Z ##[group]Run pnpm --filter @cipta/database exec prisma generate
Type Check	Run ./.github/actions/setup	2026-04-24T19:55:38.6997589Z [36;1mpnpm --filter @cipta/database exec prisma generate[0m
Type Check	Run ./.github/actions/setup	2026-04-24T19:55:38.7019931Z shell: /usr/bin/bash --noprofile --norc -e -o pipefail {0}
Type Check	Run ./.github/actions/setup	2026-04-24T19:55:38.7020241Z env:
Type Check	Run ./.github/actions/setup	2026-04-24T19:55:38.7020466Z   PNPM_HOME: /home/runner/setup-pnpm/node_modules/.bin
Type Check	Run ./.github/actions/setup	2026-04-24T19:55:38.7020748Z ##[endgroup]
Type Check	Run ./.github/actions/setup	2026-04-24T19:55:39.8355078Z warn The configuration property `package.json#prisma` is deprecated and will be removed in Prisma 7. Please migrate to a Prisma config file (e.g., `prisma.config.ts`).
Type Check	Run ./.github/actions/setup	2026-04-24T19:55:39.8356956Z For more information, see: https://pris.ly/prisma-config
Type Check	Run ./.github/actions/setup	2026-04-24T19:55:39.8357264Z 
Type Check	Run ./.github/actions/setup	2026-04-24T19:55:39.9747292Z Prisma schema loaded from prisma/schema.prisma
Type Check	Run ./.github/actions/setup	2026-04-24T19:55:40.3351402Z 
Type Check	Run ./.github/actions/setup	2026-04-24T19:55:40.3352530Z ✔ Generated Prisma Client (v6.19.3) to ./src/generated/client in 191ms
Type Check	Run ./.github/actions/setup	2026-04-24T19:55:40.3352995Z 
Type Check	Run ./.github/actions/setup	2026-04-24T19:55:40.3353488Z Start by importing your Prisma Client (See: https://pris.ly/d/importing-client)
Type Check	Run ./.github/actions/setup	2026-04-24T19:55:40.3353966Z 
Type Check	Run ./.github/actions/setup	2026-04-24T19:55:40.3354386Z Tip: Want to turn off tips and other hints? https://pris.ly/tip-4-nohints
Type Check	Run ./.github/actions/setup	2026-04-24T19:55:40.3354978Z 
Type Check	Run pnpm check-types	﻿2026-04-24T19:55:40.3689968Z ##[group]Run pnpm check-types
Type Check	Run pnpm check-types	2026-04-24T19:55:40.3690264Z [36;1mpnpm check-types[0m
Type Check	Run pnpm check-types	2026-04-24T19:55:40.3712873Z shell: /usr/bin/bash -e {0}
Type Check	Run pnpm check-types	2026-04-24T19:55:40.3713108Z env:
Type Check	Run pnpm check-types	2026-04-24T19:55:40.3713351Z   PNPM_HOME: /home/runner/setup-pnpm/node_modules/.bin
Type Check	Run pnpm check-types	2026-04-24T19:55:40.3713650Z ##[endgroup]
Type Check	Run pnpm check-types	2026-04-24T19:55:40.7664943Z 
Type Check	Run pnpm check-types	2026-04-24T19:55:40.7666186Z > cipta@ check-types /home/runner/work/cipta/cipta
Type Check	Run pnpm check-types	2026-04-24T19:55:40.7666934Z > turbo run check-types
Type Check	Run pnpm check-types	2026-04-24T19:55:40.7667246Z 
Type Check	Run pnpm check-types	2026-04-24T19:55:40.8094097Z 
Type Check	Run pnpm check-types	2026-04-24T19:55:40.8094619Z Attention:
Type Check	Run pnpm check-types	2026-04-24T19:55:40.8095853Z Turborepo now collects completely anonymous telemetry regarding usage.
Type Check	Run pnpm check-types	2026-04-24T19:55:40.8096851Z This information is used to shape the Turborepo roadmap and prioritize features.
Type Check	Run pnpm check-types	2026-04-24T19:55:40.8098520Z You can learn more, including how to opt-out if you'd not like to participate in this anonymous program, by visiting the following URL:
Type Check	Run pnpm check-types	2026-04-24T19:55:40.8099850Z https://turborepo.dev/docs/telemetry
Type Check	Run pnpm check-types	2026-04-24T19:55:40.8100293Z 
Type Check	Run pnpm check-types	2026-04-24T19:55:40.8764327Z 
Type Check	Run pnpm check-types	2026-04-24T19:55:40.8766674Z    • Packages in scope: @cipta/database, @cipta/eslint-config, @cipta/shared, @cipta/typescript-config, @cipta/ui, api, docs, web, worker
Type Check	Run pnpm check-types	2026-04-24T19:55:40.8769599Z    • Running check-types in 9 packages
Type Check	Run pnpm check-types	2026-04-24T19:55:40.8770515Z    • Remote caching disabled
Type Check	Run pnpm check-types	2026-04-24T19:55:40.8771111Z 
Type Check	Run pnpm check-types	2026-04-24T19:55:43.8684028Z ##[group]@cipta/shared:check-types
Type Check	Run pnpm check-types	2026-04-24T19:55:43.8692097Z cache miss, executing f3efa33bed524da6
Type Check	Run pnpm check-types	2026-04-24T19:55:43.8692968Z 
Type Check	Run pnpm check-types	2026-04-24T19:55:43.8693691Z > @cipta/shared@0.0.0 check-types /home/runner/work/cipta/cipta/packages/shared
Type Check	Run pnpm check-types	2026-04-24T19:55:43.8694576Z > tsc --noEmit
Type Check	Run pnpm check-types	2026-04-24T19:55:43.8694961Z 
Type Check	Run pnpm check-types	2026-04-24T19:55:43.8696150Z ##[endgroup]
Type Check	Run pnpm check-types	2026-04-24T19:55:44.0874201Z ##[group]@cipta/database:check-types
Type Check	Run pnpm check-types	2026-04-24T19:55:44.0875517Z cache miss, executing aeba12eeec365546
Type Check	Run pnpm check-types	2026-04-24T19:55:44.0876260Z 
Type Check	Run pnpm check-types	2026-04-24T19:55:44.0877258Z > @cipta/database@0.0.0 check-types /home/runner/work/cipta/cipta/packages/database
Type Check	Run pnpm check-types	2026-04-24T19:55:44.0878695Z > tsc --noEmit
Type Check	Run pnpm check-types	2026-04-24T19:55:44.0879121Z 
Type Check	Run pnpm check-types	2026-04-24T19:55:44.0879798Z ##[endgroup]
Type Check	Run pnpm check-types	2026-04-24T19:55:44.8846414Z ##[group]@cipta/ui:check-types
Type Check	Run pnpm check-types	2026-04-24T19:55:44.8852604Z cache miss, executing 91c5687b1ef4d387
Type Check	Run pnpm check-types	2026-04-24T19:55:44.8853118Z 
Type Check	Run pnpm check-types	2026-04-24T19:55:44.8853693Z > @cipta/ui@0.0.0 check-types /home/runner/work/cipta/cipta/packages/ui
Type Check	Run pnpm check-types	2026-04-24T19:55:44.8854466Z > tsc --noEmit
Type Check	Run pnpm check-types	2026-04-24T19:55:44.8854757Z 
Type Check	Run pnpm check-types	2026-04-24T19:55:44.8855489Z ##[endgroup]
Type Check	Run pnpm check-types	2026-04-24T19:55:48.8200020Z ##[group]worker:check-types
Type Check	Run pnpm check-types	2026-04-24T19:55:48.8255968Z cache miss, executing 1fbe2c90e47c3253
Type Check	Run pnpm check-types	2026-04-24T19:55:48.8258711Z 
Type Check	Run pnpm check-types	2026-04-24T19:55:48.8272888Z > worker@0.1.0 check-types /home/runner/work/cipta/cipta/apps/worker
Type Check	Run pnpm check-types	2026-04-24T19:55:48.8273718Z > tsc --noEmit
Type Check	Run pnpm check-types	2026-04-24T19:55:48.8274111Z 
Type Check	Run pnpm check-types	2026-04-24T19:55:48.8274696Z ##[endgroup]
Type Check	Run pnpm check-types	2026-04-24T19:55:50.6026769Z ##[group]docs:check-types
Type Check	Run pnpm check-types	2026-04-24T19:55:50.6056064Z cache miss, executing 8583fb3d8fa1aa29
Type Check	Run pnpm check-types	2026-04-24T19:55:50.6061288Z 
Type Check	Run pnpm check-types	2026-04-24T19:55:50.6062058Z > docs@0.1.0 check-types /home/runner/work/cipta/cipta/apps/docs
Type Check	Run pnpm check-types	2026-04-24T19:55:50.6062938Z > next typegen && tsc --noEmit
Type Check	Run pnpm check-types	2026-04-24T19:55:50.6065840Z 
Type Check	Run pnpm check-types	2026-04-24T19:55:50.6066413Z Generating route types...
Type Check	Run pnpm check-types	2026-04-24T19:55:50.6067193Z ✓ Types generated successfully
Type Check	Run pnpm check-types	2026-04-24T19:55:50.6067897Z ##[endgroup]
Type Check	Run pnpm check-types	2026-04-24T19:55:50.8417038Z ##[group]api:check-types
Type Check	Run pnpm check-types	2026-04-24T19:55:50.8418159Z cache miss, executing ade0154a3131598b
Type Check	Run pnpm check-types	2026-04-24T19:55:50.8419022Z 
Type Check	Run pnpm check-types	2026-04-24T19:55:50.8419755Z > api@0.0.1 check-types /home/runner/work/cipta/cipta/apps/api
Type Check	Run pnpm check-types	2026-04-24T19:55:50.8420546Z > tsc --noEmit
Type Check	Run pnpm check-types	2026-04-24T19:55:50.8420755Z 
Type Check	Run pnpm check-types	2026-04-24T19:55:50.8421288Z ##[endgroup]
Type Check	Run pnpm check-types	2026-04-24T19:55:52.4927685Z ##[group]web:check-types
Type Check	Run pnpm check-types	2026-04-24T19:55:52.4928370Z cache miss, executing 7e3e679bdca4b8ac
Type Check	Run pnpm check-types	2026-04-24T19:55:52.4928732Z 
Type Check	Run pnpm check-types	2026-04-24T19:55:52.4929122Z > web@0.1.0 check-types /home/runner/work/cipta/cipta/apps/web
Type Check	Run pnpm check-types	2026-04-24T19:55:52.4929836Z > next typegen && tsc --noEmit
Type Check	Run pnpm check-types	2026-04-24T19:55:52.4930447Z 
Type Check	Run pnpm check-types	2026-04-24T19:55:52.4930614Z Generating route types...
Type Check	Run pnpm check-types	2026-04-24T19:55:52.4931327Z ✓ Types generated successfully
Type Check	Run pnpm check-types	2026-04-24T19:55:52.4932108Z ##[endgroup]
Type Check	Run pnpm check-types	2026-04-24T19:55:52.4934228Z 
Type Check	Run pnpm check-types	2026-04-24T19:55:52.4934626Z  Tasks:    7 successful, 7 total
Type Check	Run pnpm check-types	2026-04-24T19:55:52.4935144Z Cached:    0 cached, 7 total
Type Check	Run pnpm check-types	2026-04-24T19:55:52.4936064Z   Time:    11.683s 
Type Check	Run pnpm check-types	2026-04-24T19:55:52.4946199Z 
Type Check	Post Run ./.github/actions/setup	﻿2026-04-24T19:55:52.5196526Z Post job cleanup.
Type Check	Post Run ./.github/actions/setup	2026-04-24T19:55:52.5236180Z Post job cleanup.
Type Check	Post Run ./.github/actions/setup	2026-04-24T19:55:52.7032755Z [command]/usr/bin/tar --posix -cf cache.tzst --exclude cache.tzst -P -C /home/runner/work/cipta/cipta --files-from manifest.txt --use-compress-program zstdmt
Type Check	Post Run ./.github/actions/setup	2026-04-24T19:55:56.3294421Z Failed to save: Unable to reserve cache with key node-cache-Linux-x64-pnpm-21b34ca8a46a1261d0f526310b2ce343db44f0e850f431c6c2ece6232d986d42, another job may be creating this cache.
Type Check	Post Run ./.github/actions/setup	2026-04-24T19:55:56.3663429Z Post job cleanup.
Type Check	Post Run ./.github/actions/setup	2026-04-24T19:55:56.5090749Z Pruning is unnecessary.
Type Check	Post Run actions/checkout@v4	﻿2026-04-24T19:55:56.5237596Z Post job cleanup.
Type Check	Post Run actions/checkout@v4	2026-04-24T19:55:56.6203449Z [command]/usr/bin/git version
Type Check	Post Run actions/checkout@v4	2026-04-24T19:55:56.6239976Z git version 2.53.0
Type Check	Post Run actions/checkout@v4	2026-04-24T19:55:56.6284909Z Temporarily overriding HOME='/home/runner/work/_temp/eeec4348-af5b-48e0-bca9-c288bca3dab7' before making global git config changes
Type Check	Post Run actions/checkout@v4	2026-04-24T19:55:56.6286800Z Adding repository directory to the temporary git global config as a safe directory
Type Check	Post Run actions/checkout@v4	2026-04-24T19:55:56.6299872Z [command]/usr/bin/git config --global --add safe.directory /home/runner/work/cipta/cipta
Type Check	Post Run actions/checkout@v4	2026-04-24T19:55:56.6336655Z [command]/usr/bin/git config --local --name-only --get-regexp core\.sshCommand
Type Check	Post Run actions/checkout@v4	2026-04-24T19:55:56.6369898Z [command]/usr/bin/git submodule foreach --recursive sh -c "git config --local --name-only --get-regexp 'core\.sshCommand' && git config --local --unset-all 'core.sshCommand' || :"
Type Check	Post Run actions/checkout@v4	2026-04-24T19:55:56.6596273Z [command]/usr/bin/git config --local --name-only --get-regexp http\.https\:\/\/github\.com\/\.extraheader
Type Check	Post Run actions/checkout@v4	2026-04-24T19:55:56.6617762Z http.https://github.com/.extraheader
Type Check	Post Run actions/checkout@v4	2026-04-24T19:55:56.6630643Z [command]/usr/bin/git config --local --unset-all http.https://github.com/.extraheader
Type Check	Post Run actions/checkout@v4	2026-04-24T19:55:56.6662152Z [command]/usr/bin/git submodule foreach --recursive sh -c "git config --local --name-only --get-regexp 'http\.https\:\/\/github\.com\/\.extraheader' && git config --local --unset-all 'http.https://github.com/.extraheader' || :"
Type Check	Post Run actions/checkout@v4	2026-04-24T19:55:56.6885977Z [command]/usr/bin/git config --local --name-only --get-regexp ^includeIf\.gitdir:
Type Check	Post Run actions/checkout@v4	2026-04-24T19:55:56.6918500Z [command]/usr/bin/git submodule foreach --recursive git config --local --show-origin --name-only --get-regexp remote.origin.url
Type Check	Complete job	﻿2026-04-24T19:55:56.7257655Z Cleaning up orphan processes
Type Check	Complete job	2026-04-24T19:55:56.7663308Z ##[warning]Node.js 20 actions are deprecated. The following actions are running on Node.js 20 and may not work as expected: actions/checkout@v4, actions/setup-node@v4, pnpm/action-setup@v4. Actions will be forced to run with Node.js 24 by default starting June 2nd, 2026. Node.js 20 will be removed from the runner on September 16th, 2026. Please check if updated versions of these actions are available that support Node.js 24. To opt into Node.js 24 now, set the FORCE_JAVASCRIPT_ACTIONS_TO_NODE24=true environment variable on the runner or in your workflow file. Once Node.js 24 becomes the default, you can temporarily opt out by setting ACTIONS_ALLOW_USE_UNSECURE_NODE_VERSION=true. For more information see: https://github.blog/changelog/2025-09-19-deprecation-of-node-20-on-github-actions-runners/
Lint	Set up job	﻿2026-04-24T19:55:15.3630341Z Current runner version: '2.333.1'
Lint	Set up job	2026-04-24T19:55:15.3666691Z ##[group]Runner Image Provisioner
Lint	Set up job	2026-04-24T19:55:15.3667765Z Hosted Compute Agent
Lint	Set up job	2026-04-24T19:55:15.3668698Z Version: 20260213.493
Lint	Set up job	2026-04-24T19:55:15.3669859Z Commit: 5c115507f6dd24b8de37d8bbe0bb4509d0cc0fa3
Lint	Set up job	2026-04-24T19:55:15.3670899Z Build Date: 2026-02-13T00:28:41Z
Lint	Set up job	2026-04-24T19:55:15.3672139Z Worker ID: {3824a4a0-3070-4bd4-8a6c-877815c3b5c1}
Lint	Set up job	2026-04-24T19:55:15.3673191Z Azure Region: eastus
Lint	Set up job	2026-04-24T19:55:15.3673960Z ##[endgroup]
Lint	Set up job	2026-04-24T19:55:15.3676204Z ##[group]Operating System
Lint	Set up job	2026-04-24T19:55:15.3677122Z Ubuntu
Lint	Set up job	2026-04-24T19:55:15.3677801Z 24.04.4
Lint	Set up job	2026-04-24T19:55:15.3678593Z LTS
Lint	Set up job	2026-04-24T19:55:15.3679471Z ##[endgroup]
Lint	Set up job	2026-04-24T19:55:15.3680152Z ##[group]Runner Image
Lint	Set up job	2026-04-24T19:55:15.3681075Z Image: ubuntu-24.04
Lint	Set up job	2026-04-24T19:55:15.3681836Z Version: 20260413.86.1
Lint	Set up job	2026-04-24T19:55:15.3683350Z Included Software: https://github.com/actions/runner-images/blob/ubuntu24/20260413.86/images/ubuntu/Ubuntu2404-Readme.md
Lint	Set up job	2026-04-24T19:55:15.3685913Z Image Release: https://github.com/actions/runner-images/releases/tag/ubuntu24%2F20260413.86
Lint	Set up job	2026-04-24T19:55:15.3687392Z ##[endgroup]
Lint	Set up job	2026-04-24T19:55:15.3689222Z ##[group]GITHUB_TOKEN Permissions
Lint	Set up job	2026-04-24T19:55:15.3692096Z Contents: read
Lint	Set up job	2026-04-24T19:55:15.3693026Z Metadata: read
Lint	Set up job	2026-04-24T19:55:15.3693708Z Packages: read
Lint	Set up job	2026-04-24T19:55:15.3694427Z ##[endgroup]
Lint	Set up job	2026-04-24T19:55:15.3697384Z Secret source: Actions
Lint	Set up job	2026-04-24T19:55:15.3698430Z Prepare workflow directory
Lint	Set up job	2026-04-24T19:55:15.4142443Z Prepare all required actions
Lint	Set up job	2026-04-24T19:55:15.4195856Z Getting action download info
Lint	Set up job	2026-04-24T19:55:15.6475576Z Download action repository 'actions/checkout@v4' (SHA:34e114876b0b11c390a56381ad16ebd13914f8d5)
Lint	Set up job	2026-04-24T19:55:15.8859909Z Complete job name: Lint
Lint	Run actions/checkout@v4	﻿2026-04-24T19:55:15.9525435Z ##[group]Run actions/checkout@v4
Lint	Run actions/checkout@v4	2026-04-24T19:55:15.9526349Z with:
Lint	Run actions/checkout@v4	2026-04-24T19:55:15.9526746Z   repository: frzxw/cipta
Lint	Run actions/checkout@v4	2026-04-24T19:55:15.9527386Z   token: ***
Lint	Run actions/checkout@v4	2026-04-24T19:55:15.9527768Z   ssh-strict: true
Lint	Run actions/checkout@v4	2026-04-24T19:55:15.9528195Z   ssh-user: git
Lint	Run actions/checkout@v4	2026-04-24T19:55:15.9528590Z   persist-credentials: true
Lint	Run actions/checkout@v4	2026-04-24T19:55:15.9529218Z   clean: true
Lint	Run actions/checkout@v4	2026-04-24T19:55:15.9529609Z   sparse-checkout-cone-mode: true
Lint	Run actions/checkout@v4	2026-04-24T19:55:15.9530079Z   fetch-depth: 1
Lint	Run actions/checkout@v4	2026-04-24T19:55:15.9530458Z   fetch-tags: false
Lint	Run actions/checkout@v4	2026-04-24T19:55:15.9530855Z   show-progress: true
Lint	Run actions/checkout@v4	2026-04-24T19:55:15.9531246Z   lfs: false
Lint	Run actions/checkout@v4	2026-04-24T19:55:15.9531602Z   submodules: false
Lint	Run actions/checkout@v4	2026-04-24T19:55:15.9531997Z   set-safe-directory: true
Lint	Run actions/checkout@v4	2026-04-24T19:55:15.9532612Z ##[endgroup]
Lint	Run actions/checkout@v4	2026-04-24T19:55:16.0615110Z Syncing repository: frzxw/cipta
Lint	Run actions/checkout@v4	2026-04-24T19:55:16.0616788Z ##[group]Getting Git version info
Lint	Run actions/checkout@v4	2026-04-24T19:55:16.0617419Z Working directory is '/home/runner/work/cipta/cipta'
Lint	Run actions/checkout@v4	2026-04-24T19:55:16.0618277Z [command]/usr/bin/git version
Lint	Run actions/checkout@v4	2026-04-24T19:55:16.0666091Z git version 2.53.0
Lint	Run actions/checkout@v4	2026-04-24T19:55:16.0690036Z ##[endgroup]
Lint	Run actions/checkout@v4	2026-04-24T19:55:16.0703713Z Temporarily overriding HOME='/home/runner/work/_temp/8b1f0e53-c5e3-4095-b7bc-cfc9b4c758f8' before making global git config changes
Lint	Run actions/checkout@v4	2026-04-24T19:55:16.0705085Z Adding repository directory to the temporary git global config as a safe directory
Lint	Run actions/checkout@v4	2026-04-24T19:55:16.0708520Z [command]/usr/bin/git config --global --add safe.directory /home/runner/work/cipta/cipta
Lint	Run actions/checkout@v4	2026-04-24T19:55:16.0741076Z Deleting the contents of '/home/runner/work/cipta/cipta'
Lint	Run actions/checkout@v4	2026-04-24T19:55:16.0744649Z ##[group]Initializing the repository
Lint	Run actions/checkout@v4	2026-04-24T19:55:16.0748542Z [command]/usr/bin/git init /home/runner/work/cipta/cipta
Lint	Run actions/checkout@v4	2026-04-24T19:55:16.0805111Z hint: Using 'master' as the name for the initial branch. This default branch name
Lint	Run actions/checkout@v4	2026-04-24T19:55:16.0806609Z hint: will change to "main" in Git 3.0. To configure the initial branch name
Lint	Run actions/checkout@v4	2026-04-24T19:55:16.0808038Z hint: to use in all of your new repositories, which will suppress this warning,
Lint	Run actions/checkout@v4	2026-04-24T19:55:16.0809439Z hint: call:
Lint	Run actions/checkout@v4	2026-04-24T19:55:16.0810280Z hint:
Lint	Run actions/checkout@v4	2026-04-24T19:55:16.0811030Z hint: 	git config --global init.defaultBranch <name>
Lint	Run actions/checkout@v4	2026-04-24T19:55:16.0812312Z hint:
Lint	Run actions/checkout@v4	2026-04-24T19:55:16.0813196Z hint: Names commonly chosen instead of 'master' are 'main', 'trunk' and
Lint	Run actions/checkout@v4	2026-04-24T19:55:16.0814606Z hint: 'development'. The just-created branch can be renamed via this command:
Lint	Run actions/checkout@v4	2026-04-24T19:55:16.0815676Z hint:
Lint	Run actions/checkout@v4	2026-04-24T19:55:16.0816266Z hint: 	git branch -m <name>
Lint	Run actions/checkout@v4	2026-04-24T19:55:16.0816937Z hint:
Lint	Run actions/checkout@v4	2026-04-24T19:55:16.0817842Z hint: Disable this message with "git config set advice.defaultBranchName false"
Lint	Run actions/checkout@v4	2026-04-24T19:55:16.0819533Z Initialized empty Git repository in /home/runner/work/cipta/cipta/.git/
Lint	Run actions/checkout@v4	2026-04-24T19:55:16.0821800Z [command]/usr/bin/git remote add origin https://github.com/frzxw/cipta
Lint	Run actions/checkout@v4	2026-04-24T19:55:16.0849757Z ##[endgroup]
Lint	Run actions/checkout@v4	2026-04-24T19:55:16.0850590Z ##[group]Disabling automatic garbage collection
Lint	Run actions/checkout@v4	2026-04-24T19:55:16.0854940Z [command]/usr/bin/git config --local gc.auto 0
Lint	Run actions/checkout@v4	2026-04-24T19:55:16.0883947Z ##[endgroup]
Lint	Run actions/checkout@v4	2026-04-24T19:55:16.0884709Z ##[group]Setting up auth
Lint	Run actions/checkout@v4	2026-04-24T19:55:16.0890174Z [command]/usr/bin/git config --local --name-only --get-regexp core\.sshCommand
Lint	Run actions/checkout@v4	2026-04-24T19:55:16.0920283Z [command]/usr/bin/git submodule foreach --recursive sh -c "git config --local --name-only --get-regexp 'core\.sshCommand' && git config --local --unset-all 'core.sshCommand' || :"
Lint	Run actions/checkout@v4	2026-04-24T19:55:16.1206634Z [command]/usr/bin/git config --local --name-only --get-regexp http\.https\:\/\/github\.com\/\.extraheader
Lint	Run actions/checkout@v4	2026-04-24T19:55:16.1236246Z [command]/usr/bin/git submodule foreach --recursive sh -c "git config --local --name-only --get-regexp 'http\.https\:\/\/github\.com\/\.extraheader' && git config --local --unset-all 'http.https://github.com/.extraheader' || :"
Lint	Run actions/checkout@v4	2026-04-24T19:55:16.1463414Z [command]/usr/bin/git config --local --name-only --get-regexp ^includeIf\.gitdir:
Lint	Run actions/checkout@v4	2026-04-24T19:55:16.1501778Z [command]/usr/bin/git submodule foreach --recursive git config --local --show-origin --name-only --get-regexp remote.origin.url
Lint	Run actions/checkout@v4	2026-04-24T19:55:16.1733639Z [command]/usr/bin/git config --local http.https://github.com/.extraheader AUTHORIZATION: basic ***
Lint	Run actions/checkout@v4	2026-04-24T19:55:16.1767920Z ##[endgroup]
Lint	Run actions/checkout@v4	2026-04-24T19:55:16.1769417Z ##[group]Fetching the repository
Lint	Run actions/checkout@v4	2026-04-24T19:55:16.1777383Z [command]/usr/bin/git -c protocol.version=2 fetch --no-tags --prune --no-recurse-submodules --depth=1 origin +0873669d9825e58bfad75c4a7d210c65e6322128:refs/remotes/pull/80/merge
Lint	Run actions/checkout@v4	2026-04-24T19:55:16.4342054Z From https://github.com/frzxw/cipta
Lint	Run actions/checkout@v4	2026-04-24T19:55:16.4344031Z  * [new ref]         0873669d9825e58bfad75c4a7d210c65e6322128 -> pull/80/merge
Lint	Run actions/checkout@v4	2026-04-24T19:55:16.4375091Z ##[endgroup]
Lint	Run actions/checkout@v4	2026-04-24T19:55:16.4376350Z ##[group]Determining the checkout info
Lint	Run actions/checkout@v4	2026-04-24T19:55:16.4377992Z ##[endgroup]
Lint	Run actions/checkout@v4	2026-04-24T19:55:16.4383491Z [command]/usr/bin/git sparse-checkout disable
Lint	Run actions/checkout@v4	2026-04-24T19:55:16.4423774Z [command]/usr/bin/git config --local --unset-all extensions.worktreeConfig
Lint	Run actions/checkout@v4	2026-04-24T19:55:16.4451235Z ##[group]Checking out the ref
Lint	Run actions/checkout@v4	2026-04-24T19:55:16.4455069Z [command]/usr/bin/git checkout --progress --force refs/remotes/pull/80/merge
Lint	Run actions/checkout@v4	2026-04-24T19:55:16.4845430Z Note: switching to 'refs/remotes/pull/80/merge'.
Lint	Run actions/checkout@v4	2026-04-24T19:55:16.4846384Z 
Lint	Run actions/checkout@v4	2026-04-24T19:55:16.4846792Z You are in 'detached HEAD' state. You can look around, make experimental
Lint	Run actions/checkout@v4	2026-04-24T19:55:16.4847728Z changes and commit them, and you can discard any commits you make in this
Lint	Run actions/checkout@v4	2026-04-24T19:55:16.4849135Z state without impacting any branches by switching back to a branch.
Lint	Run actions/checkout@v4	2026-04-24T19:55:16.4850088Z 
Lint	Run actions/checkout@v4	2026-04-24T19:55:16.4850741Z If you want to create a new branch to retain commits you create, you may
Lint	Run actions/checkout@v4	2026-04-24T19:55:16.4852146Z do so (now or later) by using -c with the switch command. Example:
Lint	Run actions/checkout@v4	2026-04-24T19:55:16.4852985Z 
Lint	Run actions/checkout@v4	2026-04-24T19:55:16.4853336Z   git switch -c <new-branch-name>
Lint	Run actions/checkout@v4	2026-04-24T19:55:16.4853896Z 
Lint	Run actions/checkout@v4	2026-04-24T19:55:16.4854251Z Or undo this operation with:
Lint	Run actions/checkout@v4	2026-04-24T19:55:16.4854775Z 
Lint	Run actions/checkout@v4	2026-04-24T19:55:16.4855106Z   git switch -
Lint	Run actions/checkout@v4	2026-04-24T19:55:16.4855540Z 
Lint	Run actions/checkout@v4	2026-04-24T19:55:16.4856219Z Turn off this advice by setting config variable advice.detachedHead to false
Lint	Run actions/checkout@v4	2026-04-24T19:55:16.4857201Z 
Lint	Run actions/checkout@v4	2026-04-24T19:55:16.4858650Z HEAD is now at 0873669 Merge b62649f2543262d9c1568b4ff9f7543585b55bb4 into 9c44f76bc0ec93f7ceae6ca466f0657bfd58d66a
Lint	Run actions/checkout@v4	2026-04-24T19:55:16.4862250Z ##[endgroup]
Lint	Run actions/checkout@v4	2026-04-24T19:55:16.4894103Z [command]/usr/bin/git log -1 --format=%H
Lint	Run actions/checkout@v4	2026-04-24T19:55:16.4916760Z 0873669d9825e58bfad75c4a7d210c65e6322128
Lint	Run ./.github/actions/setup	﻿2026-04-24T19:55:16.5185982Z Prepare all required actions
Lint	Run ./.github/actions/setup	2026-04-24T19:55:16.5186780Z Getting action download info
Lint	Run ./.github/actions/setup	2026-04-24T19:55:16.6900561Z Download action repository 'pnpm/action-setup@v4' (SHA:b906affcce14559ad1aafd4ab0e942779e9f58b1)
Lint	Run ./.github/actions/setup	2026-04-24T19:55:16.9504315Z Download action repository 'actions/setup-node@v4' (SHA:49933ea5288caeca8642d1e84afbd3f7d6820020)
Lint	Run ./.github/actions/setup	2026-04-24T19:55:17.0663430Z ##[group]Run ./.github/actions/setup
Lint	Run ./.github/actions/setup	2026-04-24T19:55:17.0664145Z with:
Lint	Run ./.github/actions/setup	2026-04-24T19:55:17.0664537Z   node-version: 22
Lint	Run ./.github/actions/setup	2026-04-24T19:55:17.0665002Z ##[endgroup]
Lint	Run ./.github/actions/setup	2026-04-24T19:55:17.0811021Z ##[group]Run pnpm/action-setup@v4
Lint	Run ./.github/actions/setup	2026-04-24T19:55:17.0811671Z with:
Lint	Run ./.github/actions/setup	2026-04-24T19:55:17.0812068Z   run_install: false
Lint	Run ./.github/actions/setup	2026-04-24T19:55:17.0812580Z   dest: ~/setup-pnpm
Lint	Run ./.github/actions/setup	2026-04-24T19:55:17.0813054Z   cache: false
Lint	Run ./.github/actions/setup	2026-04-24T19:55:17.0894348Z   cache_dependency_path: pnpm-lock.yaml
Lint	Run ./.github/actions/setup	2026-04-24T19:55:17.0895750Z   package_json_file: package.json
Lint	Run ./.github/actions/setup	2026-04-24T19:55:17.0896575Z   standalone: false
Lint	Run ./.github/actions/setup	2026-04-24T19:55:17.0897083Z ##[endgroup]
Lint	Run ./.github/actions/setup	2026-04-24T19:55:17.2300794Z ##[group]Running self-installer...
Lint	Run ./.github/actions/setup	2026-04-24T19:55:17.9579777Z Progress: resolved 1, reused 0, downloaded 0, added 0
Lint	Run ./.github/actions/setup	2026-04-24T19:55:17.9659576Z Packages: +1
Lint	Run ./.github/actions/setup	2026-04-24T19:55:17.9660711Z +
Lint	Run ./.github/actions/setup	2026-04-24T19:55:18.5660673Z Progress: resolved 1, reused 0, downloaded 1, added 1, done
Lint	Run ./.github/actions/setup	2026-04-24T19:55:18.5906864Z 
Lint	Run ./.github/actions/setup	2026-04-24T19:55:18.5907594Z dependencies:
Lint	Run ./.github/actions/setup	2026-04-24T19:55:18.5908038Z + pnpm 9.0.0 (10.33.2 is available)
Lint	Run ./.github/actions/setup	2026-04-24T19:55:18.5908351Z 
Lint	Run ./.github/actions/setup	2026-04-24T19:55:18.5945376Z Done in 1.1s
Lint	Run ./.github/actions/setup	2026-04-24T19:55:18.6115812Z ##[endgroup]
Lint	Run ./.github/actions/setup	2026-04-24T19:55:18.6120461Z Installation Completed!
Lint	Run ./.github/actions/setup	2026-04-24T19:55:18.6301191Z ##[group]Run actions/setup-node@v4
Lint	Run ./.github/actions/setup	2026-04-24T19:55:18.6301530Z with:
Lint	Run ./.github/actions/setup	2026-04-24T19:55:18.6301756Z   node-version: 22
Lint	Run ./.github/actions/setup	2026-04-24T19:55:18.6301981Z   cache: pnpm
Lint	Run ./.github/actions/setup	2026-04-24T19:55:18.6302207Z   always-auth: false
Lint	Run ./.github/actions/setup	2026-04-24T19:55:18.6302442Z   check-latest: false
Lint	Run ./.github/actions/setup	2026-04-24T19:55:18.6302847Z   token: ***
Lint	Run ./.github/actions/setup	2026-04-24T19:55:18.6303091Z env:
Lint	Run ./.github/actions/setup	2026-04-24T19:55:18.6303373Z   PNPM_HOME: /home/runner/setup-pnpm/node_modules/.bin
Lint	Run ./.github/actions/setup	2026-04-24T19:55:18.6303724Z ##[endgroup]
Lint	Run ./.github/actions/setup	2026-04-24T19:55:18.8096645Z Found in cache @ /opt/hostedtoolcache/node/22.22.2/x64
Lint	Run ./.github/actions/setup	2026-04-24T19:55:18.8105421Z ##[group]Environment details
Lint	Run ./.github/actions/setup	2026-04-24T19:55:22.7620662Z node: v22.22.2
Lint	Run ./.github/actions/setup	2026-04-24T19:55:22.7621176Z npm: 10.9.7
Lint	Run ./.github/actions/setup	2026-04-24T19:55:22.7621459Z yarn: 1.22.22
Lint	Run ./.github/actions/setup	2026-04-24T19:55:22.7622333Z ##[endgroup]
Lint	Run ./.github/actions/setup	2026-04-24T19:55:22.7644213Z [command]/home/runner/setup-pnpm/node_modules/.bin/pnpm store path --silent
Lint	Run ./.github/actions/setup	2026-04-24T19:55:23.2290627Z /home/runner/setup-pnpm/node_modules/.bin/store/v3
Lint	Run ./.github/actions/setup	2026-04-24T19:55:23.3325252Z pnpm cache is not found
Lint	Run ./.github/actions/setup	2026-04-24T19:55:23.3453250Z ##[group]Run pnpm install --frozen-lockfile
Lint	Run ./.github/actions/setup	2026-04-24T19:55:23.3453751Z [36;1mpnpm install --frozen-lockfile[0m
Lint	Run ./.github/actions/setup	2026-04-24T19:55:23.3484862Z shell: /usr/bin/bash --noprofile --norc -e -o pipefail {0}
Lint	Run ./.github/actions/setup	2026-04-24T19:55:23.3485244Z env:
Lint	Run ./.github/actions/setup	2026-04-24T19:55:23.3485505Z   PNPM_HOME: /home/runner/setup-pnpm/node_modules/.bin
Lint	Run ./.github/actions/setup	2026-04-24T19:55:23.3485870Z ##[endgroup]
Lint	Run ./.github/actions/setup	2026-04-24T19:55:23.7529182Z Scope: all 10 workspace projects
Lint	Run ./.github/actions/setup	2026-04-24T19:55:23.8230753Z Lockfile is up to date, resolution step is skipped
Lint	Run ./.github/actions/setup	2026-04-24T19:55:23.8919253Z Progress: resolved 1, reused 0, downloaded 0, added 0
Lint	Run ./.github/actions/setup	2026-04-24T19:55:24.0462935Z Packages: +1136
Lint	Run ./.github/actions/setup	2026-04-24T19:55:24.0464005Z ++++++++++++++++++++++++++++++++++++++++++++++++++++++++++++++++++++++++++++++++
Lint	Run ./.github/actions/setup	2026-04-24T19:55:24.8934035Z Progress: resolved 1136, reused 0, downloaded 78, added 78
Lint	Run ./.github/actions/setup	2026-04-24T19:55:25.8945759Z Progress: resolved 1136, reused 0, downloaded 219, added 204
Lint	Run ./.github/actions/setup	2026-04-24T19:55:26.8944045Z Progress: resolved 1136, reused 0, downloaded 449, added 447
Lint	Run ./.github/actions/setup	2026-04-24T19:55:27.8953129Z Progress: resolved 1136, reused 0, downloaded 719, added 717
Lint	Run ./.github/actions/setup	2026-04-24T19:55:28.9004675Z Progress: resolved 1136, reused 0, downloaded 770, added 761
Lint	Run ./.github/actions/setup	2026-04-24T19:55:29.8967543Z Progress: resolved 1136, reused 0, downloaded 865, added 868
Lint	Run ./.github/actions/setup	2026-04-24T19:55:30.8963942Z Progress: resolved 1136, reused 0, downloaded 1076, added 1079
Lint	Run ./.github/actions/setup	2026-04-24T19:55:31.8968041Z Progress: resolved 1136, reused 0, downloaded 1132, added 1135
Lint	Run ./.github/actions/setup	2026-04-24T19:55:35.0377266Z Progress: resolved 1136, reused 0, downloaded 1133, added 1135
Lint	Run ./.github/actions/setup	2026-04-24T19:55:35.0384140Z Progress: resolved 1136, reused 0, downloaded 1133, added 1136, done
Lint	Run ./.github/actions/setup	2026-04-24T19:55:35.4454026Z .../node_modules/@scarf/scarf postinstall$ node ./report.js
Lint	Run ./.github/actions/setup	2026-04-24T19:55:35.4705839Z .../node_modules/@nestjs/core postinstall$ opencollective || exit 0
Lint	Run ./.github/actions/setup	2026-04-24T19:55:35.4708373Z .../node_modules/unrs-resolver postinstall$ napi-postinstall unrs-resolver 1.11.1 check
Lint	Run ./.github/actions/setup	2026-04-24T19:55:35.5157230Z .../esbuild@0.27.7/node_modules/esbuild postinstall$ node install.js
Lint	Run ./.github/actions/setup	2026-04-24T19:55:35.5510601Z .../node_modules/msgpackr-extract install$ node-gyp-build-optional-packages
Lint	Run ./.github/actions/setup	2026-04-24T19:55:35.5870392Z .../node_modules/unrs-resolver postinstall: Done
Lint	Run ./.github/actions/setup	2026-04-24T19:55:35.5900261Z .../node_modules/@nestjs/core postinstall: Done
Lint	Run ./.github/actions/setup	2026-04-24T19:55:35.6084788Z .../node_modules/@prisma/engines postinstall$ node scripts/postinstall.js
Lint	Run ./.github/actions/setup	2026-04-24T19:55:35.6379908Z .../esbuild@0.27.7/node_modules/esbuild postinstall: Done
Lint	Run ./.github/actions/setup	2026-04-24T19:55:35.6427505Z .../bcrypt@6.0.0/node_modules/bcrypt install$ node-gyp-build
Lint	Run ./.github/actions/setup	2026-04-24T19:55:35.7012094Z .../node_modules/msgpackr-extract install: Done
Lint	Run ./.github/actions/setup	2026-04-24T19:55:35.7089972Z .../sharp@0.34.5/node_modules/sharp install$ node install/check.js || npm run build
Lint	Run ./.github/actions/setup	2026-04-24T19:55:35.7646763Z .../bcrypt@6.0.0/node_modules/bcrypt install: Done
Lint	Run ./.github/actions/setup	2026-04-24T19:55:36.0350012Z .../sharp@0.34.5/node_modules/sharp install: Done
Lint	Run ./.github/actions/setup	2026-04-24T19:55:36.2387561Z .../node_modules/@prisma/engines postinstall: Done
Lint	Run ./.github/actions/setup	2026-04-24T19:55:38.5188272Z .../node_modules/@scarf/scarf postinstall: Done
Lint	Run ./.github/actions/setup	2026-04-24T19:55:38.5370406Z .../node_modules/prisma preinstall$ node scripts/preinstall-entry.js
Lint	Run ./.github/actions/setup	2026-04-24T19:55:38.6017649Z .../node_modules/prisma preinstall: Done
Lint	Run ./.github/actions/setup	2026-04-24T19:55:38.7299274Z .../node_modules/@prisma/client postinstall$ node scripts/postinstall.js
Lint	Run ./.github/actions/setup	2026-04-24T19:55:41.2700868Z .../node_modules/@prisma/client postinstall: prisma:warn We could not find your Prisma schema in the default locations (see: https://pris.ly/d/prisma-schema-location).
Lint	Run ./.github/actions/setup	2026-04-24T19:55:41.2709969Z .../node_modules/@prisma/client postinstall: If you have a Prisma schema file in a custom path, you will need to run
Lint	Run ./.github/actions/setup	2026-04-24T19:55:41.2711796Z .../node_modules/@prisma/client postinstall: `prisma generate --schema=./path/to/your/schema.prisma` to generate Prisma Client.
Lint	Run ./.github/actions/setup	2026-04-24T19:55:41.2713434Z .../node_modules/@prisma/client postinstall: If you do not have a Prisma schema file yet, you can ignore this message.
Lint	Run ./.github/actions/setup	2026-04-24T19:55:41.2903517Z .../node_modules/@prisma/client postinstall: Done
Lint	Run ./.github/actions/setup	2026-04-24T19:55:41.7642758Z 
Lint	Run ./.github/actions/setup	2026-04-24T19:55:41.7643394Z devDependencies:
Lint	Run ./.github/actions/setup	2026-04-24T19:55:41.7643775Z + @commitlint/cli 20.5.0
Lint	Run ./.github/actions/setup	2026-04-24T19:55:41.7644256Z + @commitlint/config-conventional 20.5.0
Lint	Run ./.github/actions/setup	2026-04-24T19:55:41.7644706Z + @playwright/test 1.59.1
Lint	Run ./.github/actions/setup	2026-04-24T19:55:41.7645056Z + eslint 9.39.1
Lint	Run ./.github/actions/setup	2026-04-24T19:55:41.7645635Z + eslint-config-prettier 10.1.8
Lint	Run ./.github/actions/setup	2026-04-24T19:55:41.7646011Z + husky 9.1.7
Lint	Run ./.github/actions/setup	2026-04-24T19:55:41.7646319Z + lint-staged 16.4.0
Lint	Run ./.github/actions/setup	2026-04-24T19:55:41.7646664Z + markdownlint-cli 0.48.0
Lint	Run ./.github/actions/setup	2026-04-24T19:55:41.7647001Z + prettier 3.8.3
Lint	Run ./.github/actions/setup	2026-04-24T19:55:41.7647293Z + turbo 2.9.6
Lint	Run ./.github/actions/setup	2026-04-24T19:55:41.7647578Z + typescript 5.9.2
Lint	Run ./.github/actions/setup	2026-04-24T19:55:41.7647923Z + typescript-eslint 8.59.0
Lint	Run ./.github/actions/setup	2026-04-24T19:55:41.7648258Z + vitest 4.1.5
Lint	Run ./.github/actions/setup	2026-04-24T19:55:41.7648435Z 
Lint	Run ./.github/actions/setup	2026-04-24T19:55:41.7789105Z . prepare$ husky
Lint	Run ./.github/actions/setup	2026-04-24T19:55:41.8417401Z . prepare: Done
Lint	Run ./.github/actions/setup	2026-04-24T19:55:41.8846385Z Done in 18.5s
Lint	Run ./.github/actions/setup	2026-04-24T19:55:41.9760774Z ##[group]Run pnpm --filter @cipta/database exec prisma generate
Lint	Run ./.github/actions/setup	2026-04-24T19:55:41.9761237Z [36;1mpnpm --filter @cipta/database exec prisma generate[0m
Lint	Run ./.github/actions/setup	2026-04-24T19:55:41.9785582Z shell: /usr/bin/bash --noprofile --norc -e -o pipefail {0}
Lint	Run ./.github/actions/setup	2026-04-24T19:55:41.9785905Z env:
Lint	Run ./.github/actions/setup	2026-04-24T19:55:41.9786143Z   PNPM_HOME: /home/runner/setup-pnpm/node_modules/.bin
Lint	Run ./.github/actions/setup	2026-04-24T19:55:41.9786423Z ##[endgroup]
Lint	Run ./.github/actions/setup	2026-04-24T19:55:43.0572204Z warn The configuration property `package.json#prisma` is deprecated and will be removed in Prisma 7. Please migrate to a Prisma config file (e.g., `prisma.config.ts`).
Lint	Run ./.github/actions/setup	2026-04-24T19:55:43.0574281Z For more information, see: https://pris.ly/prisma-config
Lint	Run ./.github/actions/setup	2026-04-24T19:55:43.0574681Z 
Lint	Run ./.github/actions/setup	2026-04-24T19:55:43.1885752Z Prisma schema loaded from prisma/schema.prisma
Lint	Run ./.github/actions/setup	2026-04-24T19:55:43.5311605Z 
Lint	Run ./.github/actions/setup	2026-04-24T19:55:43.5313023Z ✔ Generated Prisma Client (v6.19.3) to ./src/generated/client in 175ms
Lint	Run ./.github/actions/setup	2026-04-24T19:55:43.5313481Z 
Lint	Run ./.github/actions/setup	2026-04-24T19:55:43.5313964Z Start by importing your Prisma Client (See: https://pris.ly/d/importing-client)
Lint	Run ./.github/actions/setup	2026-04-24T19:55:43.5314423Z 
Lint	Run ./.github/actions/setup	2026-04-24T19:55:43.5314852Z Tip: Want to turn off tips and other hints? https://pris.ly/tip-4-nohints
Lint	Run ./.github/actions/setup	2026-04-24T19:55:43.5315285Z 
Lint	Run pnpm lint	﻿2026-04-24T19:55:43.5662671Z ##[group]Run pnpm lint
Lint	Run pnpm lint	2026-04-24T19:55:43.5662926Z [36;1mpnpm lint[0m
Lint	Run pnpm lint	2026-04-24T19:55:43.5686492Z shell: /usr/bin/bash -e {0}
Lint	Run pnpm lint	2026-04-24T19:55:43.5686737Z env:
Lint	Run pnpm lint	2026-04-24T19:55:43.5686977Z   PNPM_HOME: /home/runner/setup-pnpm/node_modules/.bin
Lint	Run pnpm lint	2026-04-24T19:55:43.5687277Z ##[endgroup]
Lint	Run pnpm lint	2026-04-24T19:55:43.9320268Z 
Lint	Run pnpm lint	2026-04-24T19:55:43.9321017Z > cipta@ lint /home/runner/work/cipta/cipta
Lint	Run pnpm lint	2026-04-24T19:55:43.9321525Z > turbo run lint
Lint	Run pnpm lint	2026-04-24T19:55:43.9321772Z 
Lint	Run pnpm lint	2026-04-24T19:55:43.9775953Z 
Lint	Run pnpm lint	2026-04-24T19:55:43.9776238Z Attention:
Lint	Run pnpm lint	2026-04-24T19:55:43.9776897Z Turborepo now collects completely anonymous telemetry regarding usage.
Lint	Run pnpm lint	2026-04-24T19:55:43.9777764Z This information is used to shape the Turborepo roadmap and prioritize features.
Lint	Run pnpm lint	2026-04-24T19:55:43.9780042Z You can learn more, including how to opt-out if you'd not like to participate in this anonymous program, by visiting the following URL:
Lint	Run pnpm lint	2026-04-24T19:55:43.9781143Z https://turborepo.dev/docs/telemetry
Lint	Run pnpm lint	2026-04-24T19:55:43.9781470Z 
Lint	Run pnpm lint	2026-04-24T19:55:44.0452449Z 
Lint	Run pnpm lint	2026-04-24T19:55:44.0454096Z    • Packages in scope: @cipta/database, @cipta/eslint-config, @cipta/shared, @cipta/typescript-config, @cipta/ui, api, docs, web, worker
Lint	Run pnpm lint	2026-04-24T19:55:44.0455238Z    • Running lint in 9 packages
Lint	Run pnpm lint	2026-04-24T19:55:44.0455675Z    • Remote caching disabled
Lint	Run pnpm lint	2026-04-24T19:55:44.0455914Z 
Lint	Run pnpm lint	2026-04-24T19:55:44.5227705Z ##[group]@cipta/database:lint
Lint	Run pnpm lint	2026-04-24T19:55:44.5228440Z cache bypass, force executing 2ae40c9a6f690dc1
Lint	Run pnpm lint	2026-04-24T19:55:44.5228784Z 
Lint	Run pnpm lint	2026-04-24T19:55:44.5229498Z > @cipta/database@0.0.0 lint /home/runner/work/cipta/cipta/packages/database
Lint	Run pnpm lint	2026-04-24T19:55:44.5230150Z > echo 'no lint configured'
Lint	Run pnpm lint	2026-04-24T19:55:44.5230386Z 
Lint	Run pnpm lint	2026-04-24T19:55:44.5230539Z no lint configured
Lint	Run pnpm lint	2026-04-24T19:55:44.5231217Z ##[endgroup]
Lint	Run pnpm lint	2026-04-24T19:55:44.5245338Z ##[group]@cipta/shared:lint
Lint	Run pnpm lint	2026-04-24T19:55:44.5245906Z cache bypass, force executing 8496bebdd55bc388
Lint	Run pnpm lint	2026-04-24T19:55:44.5246271Z 
Lint	Run pnpm lint	2026-04-24T19:55:44.5246681Z > @cipta/shared@0.0.0 lint /home/runner/work/cipta/cipta/packages/shared
Lint	Run pnpm lint	2026-04-24T19:55:44.5247322Z > echo 'no lint configured'
Lint	Run pnpm lint	2026-04-24T19:55:44.5247579Z 
Lint	Run pnpm lint	2026-04-24T19:55:44.5247712Z no lint configured
Lint	Run pnpm lint	2026-04-24T19:55:44.5249326Z ##[endgroup]
Lint	Run pnpm lint	2026-04-24T19:55:47.0250784Z ##[group]@cipta/ui:lint
Lint	Run pnpm lint	2026-04-24T19:55:47.0272194Z cache bypass, force executing 6906379ecd6f325d
Lint	Run pnpm lint	2026-04-24T19:55:47.0293463Z 
Lint	Run pnpm lint	2026-04-24T19:55:47.0320003Z > @cipta/ui@0.0.0 lint /home/runner/work/cipta/cipta/packages/ui
Lint	Run pnpm lint	2026-04-24T19:55:47.0332814Z > eslint . --max-warnings 0
Lint	Run pnpm lint	2026-04-24T19:55:47.0369986Z 
Lint	Run pnpm lint	2026-04-24T19:55:47.0381129Z ##[endgroup]
Lint	Run pnpm lint	2026-04-24T19:55:50.0820697Z ##[group]docs:lint
Lint	Run pnpm lint	2026-04-24T19:55:50.0859951Z cache bypass, force executing d00bbd24dd7d2997
Lint	Run pnpm lint	2026-04-24T19:55:50.0891921Z 
Lint	Run pnpm lint	2026-04-24T19:55:50.0894651Z > docs@0.1.0 lint /home/runner/work/cipta/cipta/apps/docs
Lint	Run pnpm lint	2026-04-24T19:55:50.0920133Z > eslint --max-warnings 0
Lint	Run pnpm lint	2026-04-24T19:55:50.0979261Z 
Lint	Run pnpm lint	2026-04-24T19:55:50.1005506Z ##[endgroup]
Lint	Run pnpm lint	2026-04-24T19:55:51.2101435Z ##[group]web:lint
Lint	Run pnpm lint	2026-04-24T19:55:51.2103439Z cache bypass, force executing 706c232c4fab7c80
Lint	Run pnpm lint	2026-04-24T19:55:51.2104136Z 
Lint	Run pnpm lint	2026-04-24T19:55:51.2104635Z > web@0.1.0 lint /home/runner/work/cipta/cipta/apps/web
Lint	Run pnpm lint	2026-04-24T19:55:51.2105368Z > eslint --max-warnings 0
Lint	Run pnpm lint	2026-04-24T19:55:51.2105994Z 
Lint	Run pnpm lint	2026-04-24T19:55:51.2106538Z ##[endgroup]
Lint	Run pnpm lint	2026-04-24T19:55:51.2956352Z ##[group]worker:lint
Lint	Run pnpm lint	2026-04-24T19:55:51.2956961Z cache bypass, force executing 4237ca877366d4ec
Lint	Run pnpm lint	2026-04-24T19:55:51.2957263Z 
Lint	Run pnpm lint	2026-04-24T19:55:51.2957555Z > worker@0.1.0 lint /home/runner/work/cipta/cipta/apps/worker
Lint	Run pnpm lint	2026-04-24T19:55:51.2958106Z > eslint "src/**/*.ts" --max-warnings 0
Lint	Run pnpm lint	2026-04-24T19:55:51.2958350Z 
Lint	Run pnpm lint	2026-04-24T19:55:51.2958631Z ##[endgroup]
Lint	Run pnpm lint	2026-04-24T19:55:53.1574561Z ##[group]api:lint
Lint	Run pnpm lint	2026-04-24T19:55:53.1575230Z cache bypass, force executing 463210526dcea1d5
Lint	Run pnpm lint	2026-04-24T19:55:53.1575570Z 
Lint	Run pnpm lint	2026-04-24T19:55:53.1575886Z > api@0.0.1 lint /home/runner/work/cipta/cipta/apps/api
Lint	Run pnpm lint	2026-04-24T19:55:53.1576548Z > eslint "src/**/*.ts" "test/**/*.ts" --max-warnings 0
Lint	Run pnpm lint	2026-04-24T19:55:53.1577367Z 
Lint	Run pnpm lint	2026-04-24T19:55:53.1577750Z ##[endgroup]
Lint	Run pnpm lint	2026-04-24T19:55:53.1577950Z 
Lint	Run pnpm lint	2026-04-24T19:55:53.1578140Z  Tasks:    7 successful, 7 total
Lint	Run pnpm lint	2026-04-24T19:55:53.1578614Z Cached:    0 cached, 7 total
Lint	Run pnpm lint	2026-04-24T19:55:53.1579170Z   Time:    9.178s 
Lint	Run pnpm lint	2026-04-24T19:55:53.1579407Z 
Lint	Post Run ./.github/actions/setup	﻿2026-04-24T19:55:53.1834645Z Post job cleanup.
Lint	Post Run ./.github/actions/setup	2026-04-24T19:55:53.1872715Z Post job cleanup.
Lint	Post Run ./.github/actions/setup	2026-04-24T19:55:53.3575590Z [command]/usr/bin/tar --posix -cf cache.tzst --exclude cache.tzst -P -C /home/runner/work/cipta/cipta --files-from manifest.txt --use-compress-program zstdmt
Lint	Post Run ./.github/actions/setup	2026-04-24T19:55:56.8518249Z Failed to save: Unable to reserve cache with key node-cache-Linux-x64-pnpm-21b34ca8a46a1261d0f526310b2ce343db44f0e850f431c6c2ece6232d986d42, another job may be creating this cache.
Lint	Post Run ./.github/actions/setup	2026-04-24T19:55:56.8878522Z Post job cleanup.
Lint	Post Run ./.github/actions/setup	2026-04-24T19:55:57.0299115Z Pruning is unnecessary.
Lint	Post Run actions/checkout@v4	﻿2026-04-24T19:55:57.0447868Z Post job cleanup.
Lint	Post Run actions/checkout@v4	2026-04-24T19:55:57.1396891Z [command]/usr/bin/git version
Lint	Post Run actions/checkout@v4	2026-04-24T19:55:57.1432337Z git version 2.53.0
Lint	Post Run actions/checkout@v4	2026-04-24T19:55:57.1473726Z Temporarily overriding HOME='/home/runner/work/_temp/291a73aa-6f35-4f09-9f16-60a85e22a3d3' before making global git config changes
Lint	Post Run actions/checkout@v4	2026-04-24T19:55:57.1475127Z Adding repository directory to the temporary git global config as a safe directory
Lint	Post Run actions/checkout@v4	2026-04-24T19:55:57.1487483Z [command]/usr/bin/git config --global --add safe.directory /home/runner/work/cipta/cipta
Lint	Post Run actions/checkout@v4	2026-04-24T19:55:57.1523323Z [command]/usr/bin/git config --local --name-only --get-regexp core\.sshCommand
Lint	Post Run actions/checkout@v4	2026-04-24T19:55:57.1555707Z [command]/usr/bin/git submodule foreach --recursive sh -c "git config --local --name-only --get-regexp 'core\.sshCommand' && git config --local --unset-all 'core.sshCommand' || :"
Lint	Post Run actions/checkout@v4	2026-04-24T19:55:57.1793975Z [command]/usr/bin/git config --local --name-only --get-regexp http\.https\:\/\/github\.com\/\.extraheader
Lint	Post Run actions/checkout@v4	2026-04-24T19:55:57.1815641Z http.https://github.com/.extraheader
Lint	Post Run actions/checkout@v4	2026-04-24T19:55:57.1828488Z [command]/usr/bin/git config --local --unset-all http.https://github.com/.extraheader
Lint	Post Run actions/checkout@v4	2026-04-24T19:55:57.1859764Z [command]/usr/bin/git submodule foreach --recursive sh -c "git config --local --name-only --get-regexp 'http\.https\:\/\/github\.com\/\.extraheader' && git config --local --unset-all 'http.https://github.com/.extraheader' || :"
Lint	Post Run actions/checkout@v4	2026-04-24T19:55:57.2094588Z [command]/usr/bin/git config --local --name-only --get-regexp ^includeIf\.gitdir:
Lint	Post Run actions/checkout@v4	2026-04-24T19:55:57.2126698Z [command]/usr/bin/git submodule foreach --recursive git config --local --show-origin --name-only --get-regexp remote.origin.url
Lint	Complete job	﻿2026-04-24T19:55:57.2462604Z Cleaning up orphan processes
Lint	Complete job	2026-04-24T19:55:57.2743343Z ##[warning]Node.js 20 actions are deprecated. The following actions are running on Node.js 20 and may not work as expected: actions/checkout@v4, actions/setup-node@v4, pnpm/action-setup@v4. Actions will be forced to run with Node.js 24 by default starting June 2nd, 2026. Node.js 20 will be removed from the runner on September 16th, 2026. Please check if updated versions of these actions are available that support Node.js 24. To opt into Node.js 24 now, set the FORCE_JAVASCRIPT_ACTIONS_TO_NODE24=true environment variable on the runner or in your workflow file. Once Node.js 24 becomes the default, you can temporarily opt out by setting ACTIONS_ALLOW_USE_UNSECURE_NODE_VERSION=true. For more information see: https://github.blog/changelog/2025-09-19-deprecation-of-node-20-on-github-actions-runners/
Format Check	Set up job	﻿2026-04-24T19:55:14.9885670Z Current runner version: '2.333.1'
Format Check	Set up job	2026-04-24T19:55:14.9909924Z ##[group]Runner Image Provisioner
Format Check	Set up job	2026-04-24T19:55:14.9910715Z Hosted Compute Agent
Format Check	Set up job	2026-04-24T19:55:14.9911326Z Version: 20260213.493
Format Check	Set up job	2026-04-24T19:55:14.9911924Z Commit: 5c115507f6dd24b8de37d8bbe0bb4509d0cc0fa3
Format Check	Set up job	2026-04-24T19:55:14.9912607Z Build Date: 2026-02-13T00:28:41Z
Format Check	Set up job	2026-04-24T19:55:14.9913262Z Worker ID: {6025832c-227a-4d1e-ab4c-a4897e7d6830}
Format Check	Set up job	2026-04-24T19:55:14.9913988Z Azure Region: eastus
Format Check	Set up job	2026-04-24T19:55:14.9914494Z ##[endgroup]
Format Check	Set up job	2026-04-24T19:55:14.9916667Z ##[group]Operating System
Format Check	Set up job	2026-04-24T19:55:14.9917616Z Ubuntu
Format Check	Set up job	2026-04-24T19:55:14.9918379Z 24.04.4
Format Check	Set up job	2026-04-24T19:55:14.9919169Z LTS
Format Check	Set up job	2026-04-24T19:55:14.9919847Z ##[endgroup]
Format Check	Set up job	2026-04-24T19:55:14.9920610Z ##[group]Runner Image
Format Check	Set up job	2026-04-24T19:55:14.9921377Z Image: ubuntu-24.04
Format Check	Set up job	2026-04-24T19:55:14.9922273Z Version: 20260413.86.1
Format Check	Set up job	2026-04-24T19:55:14.9924100Z Included Software: https://github.com/actions/runner-images/blob/ubuntu24/20260413.86/images/ubuntu/Ubuntu2404-Readme.md
Format Check	Set up job	2026-04-24T19:55:14.9927015Z Image Release: https://github.com/actions/runner-images/releases/tag/ubuntu24%2F20260413.86
Format Check	Set up job	2026-04-24T19:55:14.9928506Z ##[endgroup]
Format Check	Set up job	2026-04-24T19:55:14.9930373Z ##[group]GITHUB_TOKEN Permissions
Format Check	Set up job	2026-04-24T19:55:14.9933287Z Contents: read
Format Check	Set up job	2026-04-24T19:55:14.9934202Z Metadata: read
Format Check	Set up job	2026-04-24T19:55:14.9935166Z Packages: read
Format Check	Set up job	2026-04-24T19:55:14.9935947Z ##[endgroup]
Format Check	Set up job	2026-04-24T19:55:14.9939101Z Secret source: Actions
Format Check	Set up job	2026-04-24T19:55:14.9940674Z Prepare workflow directory
Format Check	Set up job	2026-04-24T19:55:15.0307175Z Prepare all required actions
Format Check	Set up job	2026-04-24T19:55:15.0344510Z Getting action download info
Format Check	Set up job	2026-04-24T19:55:15.3613459Z Download action repository 'actions/checkout@v4' (SHA:34e114876b0b11c390a56381ad16ebd13914f8d5)
Format Check	Set up job	2026-04-24T19:55:15.5018669Z Download action repository 'pnpm/action-setup@v4' (SHA:b906affcce14559ad1aafd4ab0e942779e9f58b1)
Format Check	Set up job	2026-04-24T19:55:15.7401840Z Download action repository 'actions/setup-node@v4' (SHA:49933ea5288caeca8642d1e84afbd3f7d6820020)
Format Check	Set up job	2026-04-24T19:55:15.9933585Z Complete job name: Format Check
Format Check	Run actions/checkout@v4	﻿2026-04-24T19:55:16.0661272Z ##[group]Run actions/checkout@v4
Format Check	Run actions/checkout@v4	2026-04-24T19:55:16.0662180Z with:
Format Check	Run actions/checkout@v4	2026-04-24T19:55:16.0662602Z   repository: frzxw/cipta
Format Check	Run actions/checkout@v4	2026-04-24T19:55:16.0663258Z   token: ***
Format Check	Run actions/checkout@v4	2026-04-24T19:55:16.0663667Z   ssh-strict: true
Format Check	Run actions/checkout@v4	2026-04-24T19:55:16.0664078Z   ssh-user: git
Format Check	Run actions/checkout@v4	2026-04-24T19:55:16.0664493Z   persist-credentials: true
Format Check	Run actions/checkout@v4	2026-04-24T19:55:16.0664970Z   clean: true
Format Check	Run actions/checkout@v4	2026-04-24T19:55:16.0665387Z   sparse-checkout-cone-mode: true
Format Check	Run actions/checkout@v4	2026-04-24T19:55:16.0665893Z   fetch-depth: 1
Format Check	Run actions/checkout@v4	2026-04-24T19:55:16.0666302Z   fetch-tags: false
Format Check	Run actions/checkout@v4	2026-04-24T19:55:16.0667020Z   show-progress: true
Format Check	Run actions/checkout@v4	2026-04-24T19:55:16.0667439Z   lfs: false
Format Check	Run actions/checkout@v4	2026-04-24T19:55:16.0667844Z   submodules: false
Format Check	Run actions/checkout@v4	2026-04-24T19:55:16.0668283Z   set-safe-directory: true
Format Check	Run actions/checkout@v4	2026-04-24T19:55:16.0669043Z ##[endgroup]
Format Check	Run actions/checkout@v4	2026-04-24T19:55:16.1740908Z Syncing repository: frzxw/cipta
Format Check	Run actions/checkout@v4	2026-04-24T19:55:16.1742720Z ##[group]Getting Git version info
Format Check	Run actions/checkout@v4	2026-04-24T19:55:16.1743435Z Working directory is '/home/runner/work/cipta/cipta'
Format Check	Run actions/checkout@v4	2026-04-24T19:55:16.1744446Z [command]/usr/bin/git version
Format Check	Run actions/checkout@v4	2026-04-24T19:55:16.1798855Z git version 2.53.0
Format Check	Run actions/checkout@v4	2026-04-24T19:55:16.1825503Z ##[endgroup]
Format Check	Run actions/checkout@v4	2026-04-24T19:55:16.1839851Z Temporarily overriding HOME='/home/runner/work/_temp/cef342c1-067d-4fd9-aa4c-ac0091c0d235' before making global git config changes
Format Check	Run actions/checkout@v4	2026-04-24T19:55:16.1841407Z Adding repository directory to the temporary git global config as a safe directory
Format Check	Run actions/checkout@v4	2026-04-24T19:55:16.1844853Z [command]/usr/bin/git config --global --add safe.directory /home/runner/work/cipta/cipta
Format Check	Run actions/checkout@v4	2026-04-24T19:55:16.1875515Z Deleting the contents of '/home/runner/work/cipta/cipta'
Format Check	Run actions/checkout@v4	2026-04-24T19:55:16.1879591Z ##[group]Initializing the repository
Format Check	Run actions/checkout@v4	2026-04-24T19:55:16.1883317Z [command]/usr/bin/git init /home/runner/work/cipta/cipta
Format Check	Run actions/checkout@v4	2026-04-24T19:55:16.1950626Z hint: Using 'master' as the name for the initial branch. This default branch name
Format Check	Run actions/checkout@v4	2026-04-24T19:55:16.1952504Z hint: will change to "main" in Git 3.0. To configure the initial branch name
Format Check	Run actions/checkout@v4	2026-04-24T19:55:16.1953580Z hint: to use in all of your new repositories, which will suppress this warning,
Format Check	Run actions/checkout@v4	2026-04-24T19:55:16.1954607Z hint: call:
Format Check	Run actions/checkout@v4	2026-04-24T19:55:16.1955143Z hint:
Format Check	Run actions/checkout@v4	2026-04-24T19:55:16.1955667Z hint: 	git config --global init.defaultBranch <name>
Format Check	Run actions/checkout@v4	2026-04-24T19:55:16.1956290Z hint:
Format Check	Run actions/checkout@v4	2026-04-24T19:55:16.1957646Z hint: Names commonly chosen instead of 'master' are 'main', 'trunk' and
Format Check	Run actions/checkout@v4	2026-04-24T19:55:16.1958768Z hint: 'development'. The just-created branch can be renamed via this command:
Format Check	Run actions/checkout@v4	2026-04-24T19:55:16.1959514Z hint:
Format Check	Run actions/checkout@v4	2026-04-24T19:55:16.1960000Z hint: 	git branch -m <name>
Format Check	Run actions/checkout@v4	2026-04-24T19:55:16.1960591Z hint:
Format Check	Run actions/checkout@v4	2026-04-24T19:55:16.1961217Z hint: Disable this message with "git config set advice.defaultBranchName false"
Format Check	Run actions/checkout@v4	2026-04-24T19:55:16.1962650Z Initialized empty Git repository in /home/runner/work/cipta/cipta/.git/
Format Check	Run actions/checkout@v4	2026-04-24T19:55:16.1964271Z [command]/usr/bin/git remote add origin https://github.com/frzxw/cipta
Format Check	Run actions/checkout@v4	2026-04-24T19:55:16.1990855Z ##[endgroup]
Format Check	Run actions/checkout@v4	2026-04-24T19:55:16.1991639Z ##[group]Disabling automatic garbage collection
Format Check	Run actions/checkout@v4	2026-04-24T19:55:16.1994573Z [command]/usr/bin/git config --local gc.auto 0
Format Check	Run actions/checkout@v4	2026-04-24T19:55:16.2021953Z ##[endgroup]
Format Check	Run actions/checkout@v4	2026-04-24T19:55:16.2022687Z ##[group]Setting up auth
Format Check	Run actions/checkout@v4	2026-04-24T19:55:16.2028981Z [command]/usr/bin/git config --local --name-only --get-regexp core\.sshCommand
Format Check	Run actions/checkout@v4	2026-04-24T19:55:16.2058222Z [command]/usr/bin/git submodule foreach --recursive sh -c "git config --local --name-only --get-regexp 'core\.sshCommand' && git config --local --unset-all 'core.sshCommand' || :"
Format Check	Run actions/checkout@v4	2026-04-24T19:55:16.2330461Z [command]/usr/bin/git config --local --name-only --get-regexp http\.https\:\/\/github\.com\/\.extraheader
Format Check	Run actions/checkout@v4	2026-04-24T19:55:16.2361143Z [command]/usr/bin/git submodule foreach --recursive sh -c "git config --local --name-only --get-regexp 'http\.https\:\/\/github\.com\/\.extraheader' && git config --local --unset-all 'http.https://github.com/.extraheader' || :"
Format Check	Run actions/checkout@v4	2026-04-24T19:55:16.2571449Z [command]/usr/bin/git config --local --name-only --get-regexp ^includeIf\.gitdir:
Format Check	Run actions/checkout@v4	2026-04-24T19:55:16.2608694Z [command]/usr/bin/git submodule foreach --recursive git config --local --show-origin --name-only --get-regexp remote.origin.url
Format Check	Run actions/checkout@v4	2026-04-24T19:55:16.2824952Z [command]/usr/bin/git config --local http.https://github.com/.extraheader AUTHORIZATION: basic ***
Format Check	Run actions/checkout@v4	2026-04-24T19:55:16.2859363Z ##[endgroup]
Format Check	Run actions/checkout@v4	2026-04-24T19:55:16.2860213Z ##[group]Fetching the repository
Format Check	Run actions/checkout@v4	2026-04-24T19:55:16.2868326Z [command]/usr/bin/git -c protocol.version=2 fetch --no-tags --prune --no-recurse-submodules --depth=1 origin +0873669d9825e58bfad75c4a7d210c65e6322128:refs/remotes/pull/80/merge
Format Check	Run actions/checkout@v4	2026-04-24T19:55:16.5625632Z From https://github.com/frzxw/cipta
Format Check	Run actions/checkout@v4	2026-04-24T19:55:16.5627743Z  * [new ref]         0873669d9825e58bfad75c4a7d210c65e6322128 -> pull/80/merge
Format Check	Run actions/checkout@v4	2026-04-24T19:55:16.5656729Z ##[endgroup]
Format Check	Run actions/checkout@v4	2026-04-24T19:55:16.5658693Z ##[group]Determining the checkout info
Format Check	Run actions/checkout@v4	2026-04-24T19:55:16.5660776Z ##[endgroup]
Format Check	Run actions/checkout@v4	2026-04-24T19:55:16.5664954Z [command]/usr/bin/git sparse-checkout disable
Format Check	Run actions/checkout@v4	2026-04-24T19:55:16.5701146Z [command]/usr/bin/git config --local --unset-all extensions.worktreeConfig
Format Check	Run actions/checkout@v4	2026-04-24T19:55:16.5726947Z ##[group]Checking out the ref
Format Check	Run actions/checkout@v4	2026-04-24T19:55:16.5731953Z [command]/usr/bin/git checkout --progress --force refs/remotes/pull/80/merge
Format Check	Run actions/checkout@v4	2026-04-24T19:55:16.6113971Z Note: switching to 'refs/remotes/pull/80/merge'.
Format Check	Run actions/checkout@v4	2026-04-24T19:55:16.6115346Z 
Format Check	Run actions/checkout@v4	2026-04-24T19:55:16.6116151Z You are in 'detached HEAD' state. You can look around, make experimental
Format Check	Run actions/checkout@v4	2026-04-24T19:55:16.6119090Z changes and commit them, and you can discard any commits you make in this
Format Check	Run actions/checkout@v4	2026-04-24T19:55:16.6122074Z state without impacting any branches by switching back to a branch.
Format Check	Run actions/checkout@v4	2026-04-24T19:55:16.6123882Z 
Format Check	Run actions/checkout@v4	2026-04-24T19:55:16.6124939Z If you want to create a new branch to retain commits you create, you may
Format Check	Run actions/checkout@v4	2026-04-24T19:55:16.6127870Z do so (now or later) by using -c with the switch command. Example:
Format Check	Run actions/checkout@v4	2026-04-24T19:55:16.6129455Z 
Format Check	Run actions/checkout@v4	2026-04-24T19:55:16.6129979Z   git switch -c <new-branch-name>
Format Check	Run actions/checkout@v4	2026-04-24T19:55:16.6130989Z 
Format Check	Run actions/checkout@v4	2026-04-24T19:55:16.6131487Z Or undo this operation with:
Format Check	Run actions/checkout@v4	2026-04-24T19:55:16.6133021Z 
Format Check	Run actions/checkout@v4	2026-04-24T19:55:16.6133376Z   git switch -
Format Check	Run actions/checkout@v4	2026-04-24T19:55:16.6133887Z 
Format Check	Run actions/checkout@v4	2026-04-24T19:55:16.6134803Z Turn off this advice by setting config variable advice.detachedHead to false
Format Check	Run actions/checkout@v4	2026-04-24T19:55:16.6136229Z 
Format Check	Run actions/checkout@v4	2026-04-24T19:55:16.6138392Z HEAD is now at 0873669 Merge b62649f2543262d9c1568b4ff9f7543585b55bb4 into 9c44f76bc0ec93f7ceae6ca466f0657bfd58d66a
Format Check	Run actions/checkout@v4	2026-04-24T19:55:16.6143727Z ##[endgroup]
Format Check	Run actions/checkout@v4	2026-04-24T19:55:16.6158892Z [command]/usr/bin/git log -1 --format=%H
Format Check	Run actions/checkout@v4	2026-04-24T19:55:16.6180247Z 0873669d9825e58bfad75c4a7d210c65e6322128
Format Check	Run pnpm/action-setup@v4	﻿2026-04-24T19:55:16.6463479Z ##[group]Run pnpm/action-setup@v4
Format Check	Run pnpm/action-setup@v4	2026-04-24T19:55:16.6464686Z with:
Format Check	Run pnpm/action-setup@v4	2026-04-24T19:55:16.6465452Z   dest: ~/setup-pnpm
Format Check	Run pnpm/action-setup@v4	2026-04-24T19:55:16.6466656Z   run_install: null
Format Check	Run pnpm/action-setup@v4	2026-04-24T19:55:16.6467499Z   cache: false
Format Check	Run pnpm/action-setup@v4	2026-04-24T19:55:16.6468496Z   cache_dependency_path: pnpm-lock.yaml
Format Check	Run pnpm/action-setup@v4	2026-04-24T19:55:16.6469678Z   package_json_file: package.json
Format Check	Run pnpm/action-setup@v4	2026-04-24T19:55:16.6470757Z   standalone: false
Format Check	Run pnpm/action-setup@v4	2026-04-24T19:55:16.6471690Z ##[endgroup]
Format Check	Run pnpm/action-setup@v4	2026-04-24T19:55:16.7950507Z ##[group]Running self-installer...
Format Check	Run pnpm/action-setup@v4	2026-04-24T19:55:17.4508633Z Progress: resolved 1, reused 0, downloaded 0, added 0
Format Check	Run pnpm/action-setup@v4	2026-04-24T19:55:17.4637628Z Packages: +1
Format Check	Run pnpm/action-setup@v4	2026-04-24T19:55:17.4640230Z +
Format Check	Run pnpm/action-setup@v4	2026-04-24T19:55:17.9229043Z Progress: resolved 1, reused 0, downloaded 1, added 1, done
Format Check	Run pnpm/action-setup@v4	2026-04-24T19:55:17.9505701Z 
Format Check	Run pnpm/action-setup@v4	2026-04-24T19:55:17.9506063Z dependencies:
Format Check	Run pnpm/action-setup@v4	2026-04-24T19:55:17.9506959Z + pnpm 9.0.0 (10.33.2 is available)
Format Check	Run pnpm/action-setup@v4	2026-04-24T19:55:17.9507266Z 
Format Check	Run pnpm/action-setup@v4	2026-04-24T19:55:17.9545281Z Done in 988ms
Format Check	Run pnpm/action-setup@v4	2026-04-24T19:55:17.9731133Z ##[endgroup]
Format Check	Run pnpm/action-setup@v4	2026-04-24T19:55:17.9735463Z Installation Completed!
Format Check	Run actions/setup-node@v4	﻿2026-04-24T19:55:18.0017685Z ##[group]Run actions/setup-node@v4
Format Check	Run actions/setup-node@v4	2026-04-24T19:55:18.0018020Z with:
Format Check	Run actions/setup-node@v4	2026-04-24T19:55:18.0018226Z   node-version: 22
Format Check	Run actions/setup-node@v4	2026-04-24T19:55:18.0018691Z   cache: pnpm
Format Check	Run actions/setup-node@v4	2026-04-24T19:55:18.0018912Z   always-auth: false
Format Check	Run actions/setup-node@v4	2026-04-24T19:55:18.0019154Z   check-latest: false
Format Check	Run actions/setup-node@v4	2026-04-24T19:55:18.0019528Z   token: ***
Format Check	Run actions/setup-node@v4	2026-04-24T19:55:18.0019761Z env:
Format Check	Run actions/setup-node@v4	2026-04-24T19:55:18.0020048Z   PNPM_HOME: /home/runner/setup-pnpm/node_modules/.bin
Format Check	Run actions/setup-node@v4	2026-04-24T19:55:18.0020379Z ##[endgroup]
Format Check	Run actions/setup-node@v4	2026-04-24T19:55:18.2216283Z Found in cache @ /opt/hostedtoolcache/node/22.22.2/x64
Format Check	Run actions/setup-node@v4	2026-04-24T19:55:18.2224336Z ##[group]Environment details
Format Check	Run actions/setup-node@v4	2026-04-24T19:55:21.5404557Z node: v22.22.2
Format Check	Run actions/setup-node@v4	2026-04-24T19:55:21.5404995Z npm: 10.9.7
Format Check	Run actions/setup-node@v4	2026-04-24T19:55:21.5405273Z yarn: 1.22.22
Format Check	Run actions/setup-node@v4	2026-04-24T19:55:21.5406553Z ##[endgroup]
Format Check	Run actions/setup-node@v4	2026-04-24T19:55:21.5433398Z [command]/home/runner/setup-pnpm/node_modules/.bin/pnpm store path --silent
Format Check	Run actions/setup-node@v4	2026-04-24T19:55:21.9604753Z /home/runner/setup-pnpm/node_modules/.bin/store/v3
Format Check	Run actions/setup-node@v4	2026-04-24T19:55:22.0503434Z pnpm cache is not found
Format Check	Run pnpm install --frozen-lockfile	﻿2026-04-24T19:55:22.0612728Z ##[group]Run pnpm install --frozen-lockfile
Format Check	Run pnpm install --frozen-lockfile	2026-04-24T19:55:22.0613312Z [36;1mpnpm install --frozen-lockfile[0m
Format Check	Run pnpm install --frozen-lockfile	2026-04-24T19:55:22.0643240Z shell: /usr/bin/bash -e {0}
Format Check	Run pnpm install --frozen-lockfile	2026-04-24T19:55:22.0643522Z env:
Format Check	Run pnpm install --frozen-lockfile	2026-04-24T19:55:22.0643767Z   PNPM_HOME: /home/runner/setup-pnpm/node_modules/.bin
Format Check	Run pnpm install --frozen-lockfile	2026-04-24T19:55:22.0644117Z ##[endgroup]
Format Check	Run pnpm install --frozen-lockfile	2026-04-24T19:55:22.4814619Z Scope: all 10 workspace projects
Format Check	Run pnpm install --frozen-lockfile	2026-04-24T19:55:22.5563018Z Lockfile is up to date, resolution step is skipped
Format Check	Run pnpm install --frozen-lockfile	2026-04-24T19:55:22.6320568Z Progress: resolved 1, reused 0, downloaded 0, added 0
Format Check	Run pnpm install --frozen-lockfile	2026-04-24T19:55:22.8293225Z Packages: +1136
Format Check	Run pnpm install --frozen-lockfile	2026-04-24T19:55:22.8293973Z ++++++++++++++++++++++++++++++++++++++++++++++++++++++++++++++++++++++++++++++++
Format Check	Run pnpm install --frozen-lockfile	2026-04-24T19:55:23.6325567Z Progress: resolved 1136, reused 0, downloaded 41, added 28
Format Check	Run pnpm install --frozen-lockfile	2026-04-24T19:55:24.6367906Z Progress: resolved 1136, reused 0, downloaded 181, added 178
Format Check	Run pnpm install --frozen-lockfile	2026-04-24T19:55:25.6329812Z Progress: resolved 1136, reused 0, downloaded 204, added 191
Format Check	Run pnpm install --frozen-lockfile	2026-04-24T19:55:26.6331446Z Progress: resolved 1136, reused 0, downloaded 339, added 339
Format Check	Run pnpm install --frozen-lockfile	2026-04-24T19:55:27.6330850Z Progress: resolved 1136, reused 0, downloaded 644, added 646
Format Check	Run pnpm install --frozen-lockfile	2026-04-24T19:55:28.6337785Z Progress: resolved 1136, reused 0, downloaded 759, added 753
Format Check	Run pnpm install --frozen-lockfile	2026-04-24T19:55:29.6333871Z Progress: resolved 1136, reused 0, downloaded 771, added 762
Format Check	Run pnpm install --frozen-lockfile	2026-04-24T19:55:30.6339656Z Progress: resolved 1136, reused 0, downloaded 927, added 929
Format Check	Run pnpm install --frozen-lockfile	2026-04-24T19:55:31.6343210Z Progress: resolved 1136, reused 0, downloaded 1130, added 1133
Format Check	Run pnpm install --frozen-lockfile	2026-04-24T19:55:32.1327633Z Progress: resolved 1136, reused 0, downloaded 1133, added 1136, done
Format Check	Run pnpm install --frozen-lockfile	2026-04-24T19:55:32.6014362Z .../node_modules/@scarf/scarf postinstall$ node ./report.js
Format Check	Run pnpm install --frozen-lockfile	2026-04-24T19:55:32.6265401Z .../esbuild@0.27.7/node_modules/esbuild postinstall$ node install.js
Format Check	Run pnpm install --frozen-lockfile	2026-04-24T19:55:32.6272090Z .../node_modules/@nestjs/core postinstall$ opencollective || exit 0
Format Check	Run pnpm install --frozen-lockfile	2026-04-24T19:55:32.6273867Z .../node_modules/unrs-resolver postinstall$ napi-postinstall unrs-resolver 1.11.1 check
Format Check	Run pnpm install --frozen-lockfile	2026-04-24T19:55:32.7077153Z .../node_modules/msgpackr-extract install$ node-gyp-build-optional-packages
Format Check	Run pnpm install --frozen-lockfile	2026-04-24T19:55:32.7387192Z .../esbuild@0.27.7/node_modules/esbuild postinstall: Done
Format Check	Run pnpm install --frozen-lockfile	2026-04-24T19:55:32.8044369Z .../node_modules/@nestjs/core postinstall: Done
Format Check	Run pnpm install --frozen-lockfile	2026-04-24T19:55:32.8110247Z .../node_modules/unrs-resolver postinstall: Done
Format Check	Run pnpm install --frozen-lockfile	2026-04-24T19:55:32.8233944Z .../node_modules/@prisma/engines postinstall$ node scripts/postinstall.js
Format Check	Run pnpm install --frozen-lockfile	2026-04-24T19:55:32.8942794Z .../sharp@0.34.5/node_modules/sharp install$ node install/check.js || npm run build
Format Check	Run pnpm install --frozen-lockfile	2026-04-24T19:55:32.9173747Z .../node_modules/msgpackr-extract install: Done
Format Check	Run pnpm install --frozen-lockfile	2026-04-24T19:55:32.9222964Z .../bcrypt@6.0.0/node_modules/bcrypt install$ node-gyp-build
Format Check	Run pnpm install --frozen-lockfile	2026-04-24T19:55:33.0084488Z .../sharp@0.34.5/node_modules/sharp install: Done
Format Check	Run pnpm install --frozen-lockfile	2026-04-24T19:55:33.0534693Z .../bcrypt@6.0.0/node_modules/bcrypt install: Done
Format Check	Run pnpm install --frozen-lockfile	2026-04-24T19:55:33.6054994Z .../node_modules/@prisma/engines postinstall: Done
Format Check	Run pnpm install --frozen-lockfile	2026-04-24T19:55:35.6765697Z .../node_modules/@scarf/scarf postinstall: Done
Format Check	Run pnpm install --frozen-lockfile	2026-04-24T19:55:35.6922099Z .../node_modules/prisma preinstall$ node scripts/preinstall-entry.js
Format Check	Run pnpm install --frozen-lockfile	2026-04-24T19:55:35.7572549Z .../node_modules/prisma preinstall: Done
Format Check	Run pnpm install --frozen-lockfile	2026-04-24T19:55:35.8945584Z .../node_modules/@prisma/client postinstall$ node scripts/postinstall.js
Format Check	Run pnpm install --frozen-lockfile	2026-04-24T19:55:38.2648999Z .../node_modules/@prisma/client postinstall: prisma:warn We could not find your Prisma schema in the default locations (see: https://pris.ly/d/prisma-schema-location).
Format Check	Run pnpm install --frozen-lockfile	2026-04-24T19:55:38.2655932Z .../node_modules/@prisma/client postinstall: If you have a Prisma schema file in a custom path, you will need to run
Format Check	Run pnpm install --frozen-lockfile	2026-04-24T19:55:38.2658326Z .../node_modules/@prisma/client postinstall: `prisma generate --schema=./path/to/your/schema.prisma` to generate Prisma Client.
Format Check	Run pnpm install --frozen-lockfile	2026-04-24T19:55:38.2659648Z .../node_modules/@prisma/client postinstall: If you do not have a Prisma schema file yet, you can ignore this message.
Format Check	Run pnpm install --frozen-lockfile	2026-04-24T19:55:38.2823098Z .../node_modules/@prisma/client postinstall: Done
Format Check	Run pnpm install --frozen-lockfile	2026-04-24T19:55:38.8017477Z 
Format Check	Run pnpm install --frozen-lockfile	2026-04-24T19:55:38.8018386Z devDependencies:
Format Check	Run pnpm install --frozen-lockfile	2026-04-24T19:55:38.8018863Z + @commitlint/cli 20.5.0
Format Check	Run pnpm install --frozen-lockfile	2026-04-24T19:55:38.8019396Z + @commitlint/config-conventional 20.5.0
Format Check	Run pnpm install --frozen-lockfile	2026-04-24T19:55:38.8019914Z + @playwright/test 1.59.1
Format Check	Run pnpm install --frozen-lockfile	2026-04-24T19:55:38.8020301Z + eslint 9.39.1
Format Check	Run pnpm install --frozen-lockfile	2026-04-24T19:55:38.8020908Z + eslint-config-prettier 10.1.8
Format Check	Run pnpm install --frozen-lockfile	2026-04-24T19:55:38.8021368Z + husky 9.1.7
Format Check	Run pnpm install --frozen-lockfile	2026-04-24T19:55:38.8021709Z + lint-staged 16.4.0
Format Check	Run pnpm install --frozen-lockfile	2026-04-24T19:55:38.8022115Z + markdownlint-cli 0.48.0
Format Check	Run pnpm install --frozen-lockfile	2026-04-24T19:55:38.8022490Z + prettier 3.8.3
Format Check	Run pnpm install --frozen-lockfile	2026-04-24T19:55:38.8022823Z + turbo 2.9.6
Format Check	Run pnpm install --frozen-lockfile	2026-04-24T19:55:38.8023182Z + typescript 5.9.2
Format Check	Run pnpm install --frozen-lockfile	2026-04-24T19:55:38.8023575Z + typescript-eslint 8.59.0
Format Check	Run pnpm install --frozen-lockfile	2026-04-24T19:55:38.8023951Z + vitest 4.1.5
Format Check	Run pnpm install --frozen-lockfile	2026-04-24T19:55:38.8024124Z 
Format Check	Run pnpm install --frozen-lockfile	2026-04-24T19:55:38.8240374Z . prepare$ husky
Format Check	Run pnpm install --frozen-lockfile	2026-04-24T19:55:38.8831032Z . prepare: Done
Format Check	Run pnpm install --frozen-lockfile	2026-04-24T19:55:38.9320461Z Done in 16.8s
Format Check	Run pnpm format:check	﻿2026-04-24T19:55:39.0115724Z ##[group]Run pnpm format:check
Format Check	Run pnpm format:check	2026-04-24T19:55:39.0116044Z [36;1mpnpm format:check[0m
Format Check	Run pnpm format:check	2026-04-24T19:55:39.0137813Z shell: /usr/bin/bash -e {0}
Format Check	Run pnpm format:check	2026-04-24T19:55:39.0138032Z env:
Format Check	Run pnpm format:check	2026-04-24T19:55:39.0138255Z   PNPM_HOME: /home/runner/setup-pnpm/node_modules/.bin
Format Check	Run pnpm format:check	2026-04-24T19:55:39.0138541Z ##[endgroup]
Format Check	Run pnpm format:check	2026-04-24T19:55:39.3893097Z 
Format Check	Run pnpm format:check	2026-04-24T19:55:39.3893976Z > cipta@ format:check /home/runner/work/cipta/cipta
Format Check	Run pnpm format:check	2026-04-24T19:55:39.3894884Z > prettier --check "**/*.{ts,tsx,js,jsx,json,md,yaml,yml}"
Format Check	Run pnpm format:check	2026-04-24T19:55:39.3895710Z 
Format Check	Run pnpm format:check	2026-04-24T19:55:39.4765547Z Checking formatting...
Format Check	Run pnpm format:check	2026-04-24T19:55:42.4080038Z All matched files use Prettier code style!
Format Check	Post Run actions/setup-node@v4	﻿2026-04-24T19:55:42.5088182Z Post job cleanup.
Format Check	Post Run actions/setup-node@v4	2026-04-24T19:55:42.6778814Z [command]/usr/bin/tar --posix -cf cache.tzst --exclude cache.tzst -P -C /home/runner/work/cipta/cipta --files-from manifest.txt --use-compress-program zstdmt
Format Check	Post Run actions/setup-node@v4	2026-04-24T19:55:47.3044524Z Sent 253277568 of 320386432 (79.1%), 241.5 MBs/sec
Format Check	Post Run actions/setup-node@v4	2026-04-24T19:55:47.4205188Z Sent 320386432 of 320386432 (100.0%), 273.8 MBs/sec
Format Check	Post Run actions/setup-node@v4	2026-04-24T19:55:47.5309363Z Cache saved with the key: node-cache-Linux-x64-pnpm-21b34ca8a46a1261d0f526310b2ce343db44f0e850f431c6c2ece6232d986d42
Format Check	Post Run pnpm/action-setup@v4	﻿2026-04-24T19:55:47.5420232Z Post job cleanup.
Format Check	Post Run pnpm/action-setup@v4	2026-04-24T19:55:47.6790036Z Pruning is unnecessary.
Format Check	Post Run actions/checkout@v4	﻿2026-04-24T19:55:47.6942958Z Post job cleanup.
Format Check	Post Run actions/checkout@v4	2026-04-24T19:55:47.7877723Z [command]/usr/bin/git version
Format Check	Post Run actions/checkout@v4	2026-04-24T19:55:47.7913268Z git version 2.53.0
Format Check	Post Run actions/checkout@v4	2026-04-24T19:55:47.7964321Z Temporarily overriding HOME='/home/runner/work/_temp/f14b2db6-02c4-48c3-8bfa-0c4075ffda85' before making global git config changes
Format Check	Post Run actions/checkout@v4	2026-04-24T19:55:47.7965975Z Adding repository directory to the temporary git global config as a safe directory
Format Check	Post Run actions/checkout@v4	2026-04-24T19:55:47.7970894Z [command]/usr/bin/git config --global --add safe.directory /home/runner/work/cipta/cipta
Format Check	Post Run actions/checkout@v4	2026-04-24T19:55:47.8004808Z [command]/usr/bin/git config --local --name-only --get-regexp core\.sshCommand
Format Check	Post Run actions/checkout@v4	2026-04-24T19:55:47.8037059Z [command]/usr/bin/git submodule foreach --recursive sh -c "git config --local --name-only --get-regexp 'core\.sshCommand' && git config --local --unset-all 'core.sshCommand' || :"
Format Check	Post Run actions/checkout@v4	2026-04-24T19:55:47.8253272Z [command]/usr/bin/git config --local --name-only --get-regexp http\.https\:\/\/github\.com\/\.extraheader
Format Check	Post Run actions/checkout@v4	2026-04-24T19:55:47.8273300Z http.https://github.com/.extraheader
Format Check	Post Run actions/checkout@v4	2026-04-24T19:55:47.8285410Z [command]/usr/bin/git config --local --unset-all http.https://github.com/.extraheader
Format Check	Post Run actions/checkout@v4	2026-04-24T19:55:47.8314784Z [command]/usr/bin/git submodule foreach --recursive sh -c "git config --local --name-only --get-regexp 'http\.https\:\/\/github\.com\/\.extraheader' && git config --local --unset-all 'http.https://github.com/.extraheader' || :"
Format Check	Post Run actions/checkout@v4	2026-04-24T19:55:47.8541833Z [command]/usr/bin/git config --local --name-only --get-regexp ^includeIf\.gitdir:
Format Check	Post Run actions/checkout@v4	2026-04-24T19:55:47.8575079Z [command]/usr/bin/git submodule foreach --recursive git config --local --show-origin --name-only --get-regexp remote.origin.url
Format Check	Complete job	﻿2026-04-24T19:55:47.8926816Z Cleaning up orphan processes
Format Check	Complete job	2026-04-24T19:55:47.9322188Z ##[warning]Node.js 20 actions are deprecated. The following actions are running on Node.js 20 and may not work as expected: actions/checkout@v4, actions/setup-node@v4, pnpm/action-setup@v4. Actions will be forced to run with Node.js 24 by default starting June 2nd, 2026. Node.js 20 will be removed from the runner on September 16th, 2026. Please check if updated versions of these actions are available that support Node.js 24. To opt into Node.js 24 now, set the FORCE_JAVASCRIPT_ACTIONS_TO_NODE24=true environment variable on the runner or in your workflow file. Once Node.js 24 becomes the default, you can temporarily opt out by setting ACTIONS_ALLOW_USE_UNSECURE_NODE_VERSION=true. For more information see: https://github.blog/changelog/2025-09-19-deprecation-of-node-20-on-github-actions-runners/
